Archive member included to satisfy reference by file (symbol)

/opt/st/stm32cubeide_1.16.1/plugins/com.st.stm32cube.ide.mcu.externaltools.gnu-tools-for-stm32.12.3.rel1.linux64_1.1.0.202410170702/tools/bin/../lib/gcc/arm-none-eabi/12.3.1/../../../../arm-none-eabi/lib/thumb/v7e-m+fp/hard/libc_nano.a(libc_a-exit.o)
                              /opt/st/stm32cubeide_1.16.1/plugins/com.st.stm32cube.ide.mcu.externaltools.gnu-tools-for-stm32.12.3.rel1.linux64_1.1.0.202410170702/tools/bin/../lib/gcc/arm-none-eabi/12.3.1/../../../../arm-none-eabi/lib/thumb/v7e-m+fp/hard/crt0.o (exit)
/opt/st/stm32cubeide_1.16.1/plugins/com.st.stm32cube.ide.mcu.externaltools.gnu-tools-for-stm32.12.3.rel1.linux64_1.1.0.202410170702/tools/bin/../lib/gcc/arm-none-eabi/12.3.1/../../../../arm-none-eabi/lib/thumb/v7e-m+fp/hard/libc_nano.a(libc_a-findfp.o)
                              /opt/st/stm32cubeide_1.16.1/plugins/com.st.stm32cube.ide.mcu.externaltools.gnu-tools-for-stm32.12.3.rel1.linux64_1.1.0.202410170702/tools/bin/../lib/gcc/arm-none-eabi/12.3.1/../../../../arm-none-eabi/lib/thumb/v7e-m+fp/hard/libc_nano.a(libc_a-exit.o) (__stdio_exit_handler)
/opt/st/stm32cubeide_1.16.1/plugins/com.st.stm32cube.ide.mcu.externaltools.gnu-tools-for-stm32.12.3.rel1.linux64_1.1.0.202410170702/tools/bin/../lib/gcc/arm-none-eabi/12.3.1/../../../../arm-none-eabi/lib/thumb/v7e-m+fp/hard/libc_nano.a(libc_a-fwalk.o)
                              /opt/st/stm32cubeide_1.16.1/plugins/com.st.stm32cube.ide.mcu.externaltools.gnu-tools-for-stm32.12.3.rel1.linux64_1.1.0.202410170702/tools/bin/../lib/gcc/arm-none-eabi/12.3.1/../../../../arm-none-eabi/lib/thumb/v7e-m+fp/hard/libc_nano.a(libc_a-findfp.o) (_fwalk_sglue)
/opt/st/stm32cubeide_1.16.1/plugins/com.st.stm32cube.ide.mcu.externaltools.gnu-tools-for-stm32.12.3.rel1.linux64_1.1.0.202410170702/tools/bin/../lib/gcc/arm-none-eabi/12.3.1/../../../../arm-none-eabi/lib/thumb/v7e-m+fp/hard/libc_nano.a(libc_a-stdio.o)
                              /opt/st/stm32cubeide_1.16.1/plugins/com.st.stm32cube.ide.mcu.externaltools.gnu-tools-for-stm32.12.3.rel1.linux64_1.1.0.202410170702/tools/bin/../lib/gcc/arm-none-eabi/12.3.1/../../../../arm-none-eabi/lib/thumb/v7e-m+fp/hard/libc_nano.a(libc_a-findfp.o) (__sread)
/opt/st/stm32cubeide_1.16.1/plugins/com.st.stm32cube.ide.mcu.externaltools.gnu-tools-for-stm32.12.3.rel1.linux64_1.1.0.202410170702/tools/bin/../lib/gcc/arm-none-eabi/12.3.1/../../../../arm-none-eabi/lib/thumb/v7e-m+fp/hard/libc_nano.a(libc_a-memset.o)
                              /opt/st/stm32cubeide_1.16.1/plugins/com.st.stm32cube.ide.mcu.externaltools.gnu-tools-for-stm32.12.3.rel1.linux64_1.1.0.202410170702/tools/bin/../lib/gcc/arm-none-eabi/12.3.1/../../../../arm-none-eabi/lib/thumb/v7e-m+fp/hard/crt0.o (memset)
/opt/st/stm32cubeide_1.16.1/plugins/com.st.stm32cube.ide.mcu.externaltools.gnu-tools-for-stm32.12.3.rel1.linux64_1.1.0.202410170702/tools/bin/../lib/gcc/arm-none-eabi/12.3.1/../../../../arm-none-eabi/lib/thumb/v7e-m+fp/hard/libc_nano.a(libc_a-closer.o)
                              /opt/st/stm32cubeide_1.16.1/plugins/com.st.stm32cube.ide.mcu.externaltools.gnu-tools-for-stm32.12.3.rel1.linux64_1.1.0.202410170702/tools/bin/../lib/gcc/arm-none-eabi/12.3.1/../../../../arm-none-eabi/lib/thumb/v7e-m+fp/hard/libc_nano.a(libc_a-stdio.o) (_close_r)
/opt/st/stm32cubeide_1.16.1/plugins/com.st.stm32cube.ide.mcu.externaltools.gnu-tools-for-stm32.12.3.rel1.linux64_1.1.0.202410170702/tools/bin/../lib/gcc/arm-none-eabi/12.3.1/../../../../arm-none-eabi/lib/thumb/v7e-m+fp/hard/libc_nano.a(libc_a-reent.o)
                              /opt/st/stm32cubeide_1.16.1/plugins/com.st.stm32cube.ide.mcu.externaltools.gnu-tools-for-stm32.12.3.rel1.linux64_1.1.0.202410170702/tools/bin/../lib/gcc/arm-none-eabi/12.3.1/../../../../arm-none-eabi/lib/thumb/v7e-m+fp/hard/libc_nano.a(libc_a-closer.o) (errno)
/opt/st/stm32cubeide_1.16.1/plugins/com.st.stm32cube.ide.mcu.externaltools.gnu-tools-for-stm32.12.3.rel1.linux64_1.1.0.202410170702/tools/bin/../lib/gcc/arm-none-eabi/12.3.1/../../../../arm-none-eabi/lib/thumb/v7e-m+fp/hard/libc_nano.a(libc_a-impure.o)
                              /opt/st/stm32cubeide_1.16.1/plugins/com.st.stm32cube.ide.mcu.externaltools.gnu-tools-for-stm32.12.3.rel1.linux64_1.1.0.202410170702/tools/bin/../lib/gcc/arm-none-eabi/12.3.1/../../../../arm-none-eabi/lib/thumb/v7e-m+fp/hard/libc_nano.a(libc_a-reent.o) (_impure_ptr)
/opt/st/stm32cubeide_1.16.1/plugins/com.st.stm32cube.ide.mcu.externaltools.gnu-tools-for-stm32.12.3.rel1.linux64_1.1.0.202410170702/tools/bin/../lib/gcc/arm-none-eabi/12.3.1/../../../../arm-none-eabi/lib/thumb/v7e-m+fp/hard/libc_nano.a(libc_a-lseekr.o)
                              /opt/st/stm32cubeide_1.16.1/plugins/com.st.stm32cube.ide.mcu.externaltools.gnu-tools-for-stm32.12.3.rel1.linux64_1.1.0.202410170702/tools/bin/../lib/gcc/arm-none-eabi/12.3.1/../../../../arm-none-eabi/lib/thumb/v7e-m+fp/hard/libc_nano.a(libc_a-stdio.o) (_lseek_r)
[...]
Memory Configuration

Name             Origin             Length             Attributes
FLASH            0x08100000         0x00100000         xr
RAM              0x10000000         0x00048000         xrw
*default*        0x00000000         0xffffffff

Linker script and memory map

LOAD /opt/st/stm32cubeide_1.16.1/plugins/com.st.stm32cube.ide.mcu.externaltools.gnu-tools-for-stm32.12.3.rel1.linux64_1.1.0.202410170702/tools/bin/../lib/gcc/arm-none-eabi/12.3.1/thumb/v7e-m+fp/hard/crti.o
LOAD /opt/st/stm32cubeide_1.16.1/plugins/com.st.stm32cube.ide.mcu.externaltools.gnu-tools-for-stm32.12.3.rel1.linux64_1.1.0.202410170702/tools/bin/../lib/gcc/arm-none-eabi/12.3.1/thumb/v7e-m+fp/hard/crtbegin.o
LOAD /opt/st/stm32cubeide_1.16.1/plugins/com.st.stm32cube.ide.mcu.externaltools.gnu-tools-for-stm32.12.3.rel1.linux64_1.1.0.202410170702/tools/bin/../lib/gcc/arm-none-eabi/12.3.1/../../../../arm-none-eabi/lib/thumb/v7e-m+fp/hard/crt0.o
LOAD ./Common/BNO055_I2C/BNO055.o
LOAD ./Common/BNO055_I2C/BNO055_config.o
LOAD ./Common/BNO086_SPI/BNO086_SPI.o
LOAD ./Common/Src/system_stm32h7xx_dualcore_boot_cm4_cm7.o
LOAD ./Core/Src/dma.o
LOAD ./Core/Src/gpio.o
LOAD ./Core/Src/i2c.o
LOAD ./Core/Src/main.o
LOAD ./Core/Src/spi.o
LOAD ./Core/Src/stm32h7xx_hal_msp.o
LOAD ./Core/Src/stm32h7xx_it.o
LOAD ./Core/Src/syscalls.o
LOAD ./Core/Src/sysmem.o
LOAD ./Core/Src/tim.o
LOAD ./Core/Src/usart.o
LOAD ./Core/Startup/startup_stm32h755zitx.o
LOAD ./Drivers/STM32H7xx_HAL_Driver/stm32h7xx_hal.o
LOAD ./Drivers/STM32H7xx_HAL_Driver/stm32h7xx_hal_cortex.o
LOAD ./Drivers/STM32H7xx_HAL_Driver/stm32h7xx_hal_dma.o
LOAD ./Drivers/STM32H7xx_HAL_Driver/stm32h7xx_hal_dma_ex.o
LOAD ./Drivers/STM32H7xx_HAL_Driver/stm32h7xx_hal_exti.o
LOAD ./Drivers/STM32H7xx_HAL_Driver/stm32h7xx_hal_flash.o
LOAD ./Drivers/STM32H7xx_HAL_Driver/stm32h7xx_hal_flash_ex.o
LOAD ./Drivers/STM32H7xx_HAL_Driver/stm32h7xx_hal_gpio.o
LOAD ./Drivers/STM32H7xx_HAL_Driver/stm32h7xx_hal_hsem.o
LOAD ./Drivers/STM32H7xx_HAL_Driver/stm32h7xx_hal_i2c.o
LOAD ./Drivers/STM32H7xx_HAL_Driver/stm32h7xx_hal_i2c_ex.o
LOAD ./Drivers/STM32H7xx_HAL_Driver/stm32h7xx_hal_mdma.o
LOAD ./Drivers/STM32H7xx_HAL_Driver/stm32h7xx_hal_pwr.o
LOAD ./Drivers/STM32H7xx_HAL_Driver/stm32h7xx_hal_pwr_ex.o
LOAD ./Drivers/STM32H7xx_HAL_Driver/stm32h7xx_hal_rcc.o
LOAD ./Drivers/STM32H7xx_HAL_Driver/stm32h7xx_hal_rcc_ex.o
LOAD ./Drivers/STM32H7xx_HAL_Driver/stm32h7xx_hal_spi.o
LOAD ./Drivers/STM32H7xx_HAL_Driver/stm32h7xx_hal_spi_ex.o
LOAD ./Drivers/STM32H7xx_HAL_Driver/stm32h7xx_hal_tim.o
LOAD ./Drivers/STM32H7xx_HAL_Driver/stm32h7xx_hal_tim_ex.o
LOAD ./Drivers/STM32H7xx_HAL_Driver/stm32h7xx_hal_uart.o
LOAD ./Drivers/STM32H7xx_HAL_Driver/stm32h7xx_hal_uart_ex.o
START GROUP
LOAD /opt/st/stm32cubeide_1.16.1/plugins/com.st.stm32cube.ide.mcu.externaltools.gnu-tools-for-stm32.12.3.rel1.linux64_1.1.0.202410170702/tools/bin/../lib/gcc/arm-none-eabi/12.3.1/../../../../arm-none-eabi/lib/thumb/v7e-m+fp/hard/libc_nano.a
LOAD /opt/st/stm32cubeide_1.16.1/plugins/com.st.stm32cube.ide.mcu.externaltools.gnu-tools-for-stm32.12.3.rel1.linux64_1.1.0.202410170702/tools/bin/../lib/gcc/arm-none-eabi/12.3.1/../../../../arm-none-eabi/lib/thumb/v7e-m+fp/hard/libm.a
END GROUP
START GROUP
LOAD /opt/st/stm32cubeide_1.16.1/plugins/com.st.stm32cube.ide.mcu.externaltools.gnu-tools-for-stm32.12.3.rel1.linux64_1.1.0.202410170702/tools/bin/../lib/gcc/arm-none-eabi/12.3.1/thumb/v7e-m+fp/hard/libgcc.a
LOAD /opt/st/stm32cubeide_1.16.1/plugins/com.st.stm32cube.ide.mcu.externaltools.gnu-tools-for-stm32.12.3.rel1.linux64_1.1.0.202410170702/tools/bin/../lib/gcc/arm-none-eabi/12.3.1/../../../../arm-none-eabi/lib/thumb/v7e-m+fp/hard/libc_nano.a
END GROUP
START GROUP
LOAD /opt/st/stm32cubeide_1.16.1/plugins/com.st.stm32cube.ide.mcu.externaltools.gnu-tools-for-stm32.12.3.rel1.linux64_1.1.0.202410170702/tools/bin/../lib/gcc/arm-none-eabi/12.3.1/thumb/v7e-m+fp/hard/libgcc.a
LOAD /opt/st/stm32cubeide_1.16.1/plugins/com.st.stm32cube.ide.mcu.externaltools.gnu-tools-for-stm32.12.3.rel1.linux64_1.1.0.202410170702/tools/bin/../lib/gcc/arm-none-eabi/12.3.1/../../../../arm-none-eabi/lib/thumb/v7e-m+fp/hard/libc_nano.a
LOAD /opt/st/stm32cubeide_1.16.1/plugins/com.st.stm32cube.ide.mcu.externaltools.gnu-tools-for-stm32.12.3.rel1.linux64_1.1.0.202410170702/tools/bin/../lib/gcc/arm-none-eabi/12.3.1/../../../../arm-none-eabi/lib/thumb/v7e-m+fp/hard/libnosys.a
END GROUP
START GROUP
LOAD /opt/st/stm32cubeide_1.16.1/plugins/com.st.stm32cube.ide.mcu.externaltools.gnu-tools-for-stm32.12.3.rel1.linux64_1.1.0.202410170702/tools/bin/../lib/gcc/arm-none-eabi/12.3.1/thumb/v7e-m+fp/hard/libgcc.a
LOAD /opt/st/stm32cubeide_1.16.1/plugins/com.st.stm32cube.ide.mcu.externaltools.gnu-tools-for-stm32.12.3.rel1.linux64_1.1.0.202410170702/tools/bin/../lib/gcc/arm-none-eabi/12.3.1/../../../../arm-none-eabi/lib/thumb/v7e-m+fp/hard/libc_nano.a
LOAD /opt/st/stm32cubeide_1.16.1/plugins/com.st.stm32cube.ide.mcu.externaltools.gnu-tools-for-stm32.12.3.rel1.linux64_1.1.0.202410170702/tools/bin/../lib/gcc/arm-none-eabi/12.3.1/../../../../arm-none-eabi/lib/thumb/v7e-m+fp/hard/libnosys.a
END GROUP
LOAD /opt/st/stm32cubeide_1.16.1/plugins/com.st.stm32cube.ide.mcu.externaltools.gnu-tools-for-stm32.12.3.rel1.linux64_1.1.0.202410170702/tools/bin/../lib/gcc/arm-none-eabi/12.3.1/thumb/v7e-m+fp/hard/crtend.o
LOAD /opt/st/stm32cubeide_1.16.1/plugins/com.st.stm32cube.ide.mcu.externaltools.gnu-tools-for-stm32.12.3.rel1.linux64_1.1.0.202410170702/tools/bin/../lib/gcc/arm-none-eabi/12.3.1/thumb/v7e-m+fp/hard/crtn.o
                0x10048000                        _estack = (ORIGIN (RAM) + LENGTH (RAM))
                0x00000200                        _Min_Heap_Size = 0x200
                0x00000400                        _Min_Stack_Size = 0x400

.isr_vector     0x08100000      0x298
                0x08100000                        . = ALIGN (0x4)
 *(.isr_vector)
 .isr_vector    0x08100000      0x298 ./Core/Startup/startup_stm32h755zitx.o
                0x08100000                g_pfnVectors
                0x08100298                        . = ALIGN (0x4)

.text           0x08100298     0x9b14
                0x08100298                        . = ALIGN (0x4)
 *(.text)
 .text          0x08100298       0x40 /opt/st/stm32cubeide_1.16.1/plugins/com.st.stm32cube.ide.mcu.externaltools.gnu-tools-for-stm32.12.3.rel1.linux64_1.1.0.202410170702/tools/bin/../lib/gcc/arm-none-eabi/12.3.1/thumb/v7e-m+fp/hard/crtbegin.o
 .text          0x081002d8      0x378 /opt/st/stm32cubeide_1.16.1/plugins/com.st.stm32cube.ide.mcu.externaltools.gnu-tools-for-stm32.12.3.rel1.linux64_1.1.0.202410170702/tools/bin/../lib/gcc/arm-none-eabi/12.3.1/thumb/v7e-m+fp/hard/libgcc.a(_arm_addsubdf3.o)
                0x081002d8                __aeabi_drsub
                0x081002e0                __aeabi_dsub
                0x081002e0                __subdf3
                0x081002e4                __adddf3
                0x081002e4                __aeabi_dadd
                0x0810055c                __aeabi_ui2d
                0x0810055c                __floatunsidf
                0x0810057c                __floatsidf
                0x0810057c                __aeabi_i2d
                0x081005a0                __extendsfdf2
                0x081005a0                __aeabi_f2d
                0x081005e4                __aeabi_ul2d
                0x081005e4                __floatundidf
                0x081005f4                __floatdidf
                0x081005f4                __aeabi_l2d
 .text          0x08100650      0x424 /opt/st/stm32cubeide_1.16.1/plugins/com.st.stm32cube.ide.mcu.externaltools.gnu-tools-for-stm32.12.3.rel1.linux64_1.1.0.202410170702/tools/bin/../lib/gcc/arm-none-eabi/12.3.1/thumb/v7e-m+fp/hard/libgcc.a(_arm_muldivdf3.o)
                0x08100650                __aeabi_dmul
                0x08100650                __muldf3
                0x081008a4                __aeabi_ddiv
                0x081008a4                __divdf3
 *(.text*)
 .text.BNO055_Init
                0x08100a74      0x1c2 ./Common/BNO055_I2C/BNO055.o
                0x08100a74                BNO055_Init
 *fill*         0x08100c36        0x2 
 .text.BNO055_Read_DMA
                0x08100c38      0x3f0 ./Common/BNO055_I2C/BNO055.o
                0x08100c38                BNO055_Read_DMA
 .text.BNO055_SetOffsets
                0x08101028      0x166 ./Common/BNO055_I2C/BNO055.o
                0x08101028                BNO055_SetOffsets
 .text.BNO055_SetAxis
                0x0810118e      0x10c ./Common/BNO055_I2C/BNO055.o
                0x0810118e                BNO055_SetAxis
 *fill*         0x0810129a        0x2 
 .text.BNO055_SAVE_HSEM
                0x0810129c      0x114 ./Common/BNO055_I2C/BNO055.o
                0x0810129c                BNO055_SAVE_HSEM
 .text.SystemInit
                0x081013b0       0x30 ./Common/Src/system_stm32h7xx_dualcore_boot_cm4_cm7.o
                0x081013b0                SystemInit
 .text.MX_DMA_Init
                0x081013e0       0x50 ./Core/Src/dma.o
                0x081013e0                MX_DMA_Init
 .text.MX_GPIO_Init
                0x08101430      0x140 ./Core/Src/gpio.o
                0x08101430                MX_GPIO_Init
 .text.MX_I2C1_Init
                0x08101570       0x80 ./Core/Src/i2c.o
                0x08101570                MX_I2C1_Init
 .text.HAL_I2C_MspInit
                0x081015f0      0x1bc ./Core/Src/i2c.o
                0x081015f0                HAL_I2C_MspInit
 .text.main     0x081017ac      0x108 ./Core/Src/main.o
                0x081017ac                main
 .text.HAL_TIM_PeriodElapsedCallback
                0x081018b4       0x84 ./Core/Src/main.o
                0x081018b4                HAL_TIM_PeriodElapsedCallback
 .text.HAL_I2C_MemRxCpltCallback
                0x08101938       0x30 ./Core/Src/main.o
                0x08101938                HAL_I2C_MemRxCpltCallback
 .text.Error_Handler
                0x08101968        0xc ./Core/Src/main.o
                0x08101968                Error_Handler
 .text.MX_SPI1_Init
                0x08101974       0xb0 ./Core/Src/spi.o
                0x08101974                MX_SPI1_Init
 .text.HAL_SPI_MspInit
                0x08101a24      0x11c ./Core/Src/spi.o
                0x08101a24                HAL_SPI_MspInit
 .text.HAL_MspInit
                0x08101b40       0x34 ./Core/Src/stm32h7xx_hal_msp.o
                0x08101b40                HAL_MspInit
 .text.NMI_Handler
                0x08101b74        0x8 ./Core/Src/stm32h7xx_it.o
                0x08101b74                NMI_Handler
 .text.HardFault_Handler
                0x08101b7c        0x8 ./Core/Src/stm32h7xx_it.o
                0x08101b7c                HardFault_Handler
 .text.MemManage_Handler
                0x08101b84        0x8 ./Core/Src/stm32h7xx_it.o
                0x08101b84                MemManage_Handler
 .text.BusFault_Handler
                0x08101b8c        0x8 ./Core/Src/stm32h7xx_it.o
                0x08101b8c                BusFault_Handler
 .text.UsageFault_Handler
                0x08101b94        0x8 ./Core/Src/stm32h7xx_it.o
                0x08101b94                UsageFault_Handler
 .text.SVC_Handler
                0x08101b9c        0xe ./Core/Src/stm32h7xx_it.o
                0x08101b9c                SVC_Handler
 .text.DebugMon_Handler
                0x08101baa        0xe ./Core/Src/stm32h7xx_it.o
                0x08101baa                DebugMon_Handler
 .text.PendSV_Handler
                0x08101bb8        0xe ./Core/Src/stm32h7xx_it.o
                0x08101bb8                PendSV_Handler
 .text.SysTick_Handler
                0x08101bc6        0xc ./Core/Src/stm32h7xx_it.o
                0x08101bc6                SysTick_Handler
 *fill*         0x08101bd2        0x2 
 .text.DMA1_Stream1_IRQHandler
                0x08101bd4       0x14 ./Core/Src/stm32h7xx_it.o
                0x08101bd4                DMA1_Stream1_IRQHandler
 .text.DMA1_Stream2_IRQHandler
                0x08101be8       0x14 ./Core/Src/stm32h7xx_it.o
                0x08101be8                DMA1_Stream2_IRQHandler
 .text.TIM2_IRQHandler
                0x08101bfc       0x14 ./Core/Src/stm32h7xx_it.o
                0x08101bfc                TIM2_IRQHandler
 .text.I2C1_EV_IRQHandler
                0x08101c10       0x14 ./Core/Src/stm32h7xx_it.o
                0x08101c10                I2C1_EV_IRQHandler
 .text.I2C1_ER_IRQHandler
                0x08101c24       0x14 ./Core/Src/stm32h7xx_it.o
                0x08101c24                I2C1_ER_IRQHandler
 .text.MX_TIM2_Init
                0x08101c38       0x9c ./Core/Src/tim.o
                0x08101c38                MX_TIM2_Init
 .text.HAL_TIM_Base_MspInit
                0x08101cd4       0x4c ./Core/Src/tim.o
                0x08101cd4                HAL_TIM_Base_MspInit
 .text.Reset_Handler
                0x08101d20       0x50 ./Core/Startup/startup_stm32h755zitx.o
                0x08101d20                Reset_Handler
 .text.Default_Handler
                0x08101d70        0x2 ./Core/Startup/startup_stm32h755zitx.o
                0x08101d70                RTC_Alarm_IRQHandler
                0x08101d70                HASH_RNG_IRQHandler
                0x08101d70                EXTI2_IRQHandler
                0x08101d70                TIM8_CC_IRQHandler
                0x08101d70                HRTIM1_Master_IRQHandler
                0x08101d70                UART8_IRQHandler
                0x08101d70                SPI4_IRQHandler
                0x08101d70                TIM1_CC_IRQHandler
                0x08101d70                BDMA_Channel6_IRQHandler
                0x08101d70                DMA2_Stream5_IRQHandler
                0x08101d70                HRTIM1_FLT_IRQHandler
                0x08101d70                JPEG_IRQHandler
                0x08101d70                DMA1_Stream5_IRQHandler
                0x08101d70                BDMA_Channel1_IRQHandler
                0x08101d70                HRTIM1_TIMD_IRQHandler
                0x08101d70                TAMP_STAMP_IRQHandler
                0x08101d70                EXTI3_IRQHandler
                0x08101d70                LPTIM4_IRQHandler
                0x08101d70                TIM8_TRG_COM_TIM14_IRQHandler
                0x08101d70                LPTIM2_IRQHandler
                0x08101d70                DFSDM1_FLT1_IRQHandler
                0x08101d70                DMAMUX2_OVR_IRQHandler
                0x08101d70                TIM8_UP_TIM13_IRQHandler
                0x08101d70                I2C3_ER_IRQHandler
                0x08101d70                DFSDM1_FLT2_IRQHandler
                0x08101d70                MDMA_IRQHandler
                0x08101d70                LPTIM3_IRQHandler
                0x08101d70                HSEM1_IRQHandler
                0x08101d70                EXTI0_IRQHandler
                0x08101d70                I2C2_EV_IRQHandler
                0x08101d70                FPU_IRQHandler
                0x08101d70                OTG_HS_WKUP_IRQHandler
                0x08101d70                FDCAN1_IT1_IRQHandler
                0x08101d70                LTDC_ER_IRQHandler
                0x08101d70                DMA2_Stream2_IRQHandler
                0x08101d70                HRTIM1_TIME_IRQHandler
                0x08101d70                SPI1_IRQHandler
                0x08101d70                TIM6_DAC_IRQHandler
                0x08101d70                DCMI_IRQHandler
                0x08101d70                HRTIM1_TIMC_IRQHandler
                0x08101d70                DMA2_Stream3_IRQHandler
                0x08101d70                SAI2_IRQHandler
                0x08101d70                DFSDM1_FLT3_IRQHandler
                0x08101d70                USART6_IRQHandler
                0x08101d70                TIM17_IRQHandler
                0x08101d70                USART3_IRQHandler
                0x08101d70                BDMA_Channel7_IRQHandler
                0x08101d70                CRYP_IRQHandler
                0x08101d70                LPTIM5_IRQHandler
                0x08101d70                UART5_IRQHandler
                0x08101d70                ADC3_IRQHandler
                0x08101d70                DMA2_Stream0_IRQHandler
                0x08101d70                TIM4_IRQHandler
                0x08101d70                BDMA_Channel2_IRQHandler
                0x08101d70                QUADSPI_IRQHandler
                0x08101d70                DMA1_Stream6_IRQHandler
                0x08101d70                DMAMUX1_OVR_IRQHandler
                0x08101d70                TIM16_IRQHandler
                0x08101d70                UART4_IRQHandler
                0x08101d70                BDMA_Channel5_IRQHandler
                0x08101d70                TIM3_IRQHandler
                0x08101d70                RCC_IRQHandler
                0x08101d70                TIM8_BRK_TIM12_IRQHandler
                0x08101d70                TIM1_TRG_COM_IRQHandler
                0x08101d70                Default_Handler
                0x08101d70                ECC_IRQHandler
                0x08101d70                CEC_IRQHandler
                0x08101d70                EXTI15_10_IRQHandler
                0x08101d70                BDMA_Channel0_IRQHandler
                0x08101d70                ADC_IRQHandler
                0x08101d70                DMA1_Stream7_IRQHandler
                0x08101d70                HRTIM1_TIMA_IRQHandler
                0x08101d70                SPI5_IRQHandler
                0x08101d70                TIM7_IRQHandler
                0x08101d70                SDMMC1_IRQHandler
                0x08101d70                TIM5_IRQHandler
                0x08101d70                DMA2_Stream7_IRQHandler
                0x08101d70                TIM15_IRQHandler
                0x08101d70                PVD_AVD_IRQHandler
                0x08101d70                I2C3_EV_IRQHandler
                0x08101d70                EXTI9_5_IRQHandler
                0x08101d70                RTC_WKUP_IRQHandler
                0x08101d70                LTDC_IRQHandler
                0x08101d70                SAI3_IRQHandler
                0x08101d70                ETH_WKUP_IRQHandler
                0x08101d70                SPDIF_RX_IRQHandler
                0x08101d70                SPI2_IRQHandler
                0x08101d70                OTG_HS_EP1_IN_IRQHandler
                0x08101d70                DMA1_Stream0_IRQHandler
                0x08101d70                CRS_IRQHandler
                0x08101d70                CM7_SEV_IRQHandler
                0x08101d70                EXTI4_IRQHandler
                0x08101d70                CM4_SEV_IRQHandler
                0x08101d70                HRTIM1_TIMB_IRQHandler
                0x08101d70                FDCAN2_IT1_IRQHandler
                0x08101d70                ETH_IRQHandler
                0x08101d70                TIM1_UP_IRQHandler
                0x08101d70                WWDG_RST_IRQHandler
                0x08101d70                BDMA_Channel4_IRQHandler
                0x08101d70                OTG_HS_EP1_OUT_IRQHandler
                0x08101d70                WWDG_IRQHandler
                0x08101d70                SPI6_IRQHandler
                0x08101d70                MDIOS_IRQHandler
                0x08101d70                I2C4_EV_IRQHandler
                0x08101d70                FDCAN2_IT0_IRQHandler
                0x08101d70                LPUART1_IRQHandler
                0x08101d70                FDCAN1_IT0_IRQHandler
                0x08101d70                OTG_FS_WKUP_IRQHandler
                0x08101d70                OTG_HS_IRQHandler
                0x08101d70                HSEM2_IRQHandler
                0x08101d70                DMA2D_IRQHandler
                0x08101d70                TIM1_BRK_IRQHandler
                0x08101d70                EXTI1_IRQHandler
                0x08101d70                SDMMC2_IRQHandler
                0x08101d70                OTG_FS_EP1_OUT_IRQHandler
                0x08101d70                BDMA_Channel3_IRQHandler
                0x08101d70                HOLD_CORE_IRQHandler
                0x08101d70                UART7_IRQHandler
                0x08101d70                MDIOS_WKUP_IRQHandler
                0x08101d70                USART2_IRQHandler
                0x08101d70                DFSDM1_FLT0_IRQHandler
                0x08101d70                SAI4_IRQHandler
                0x08101d70                I2C2_ER_IRQHandler
                0x08101d70                DMA2_Stream1_IRQHandler
                0x08101d70                FLASH_IRQHandler
                0x08101d70                DMA2_Stream4_IRQHandler
                0x08101d70                USART1_IRQHandler
                0x08101d70                OTG_FS_IRQHandler
                0x08101d70                SPI3_IRQHandler
                0x08101d70                WAKEUP_PIN_IRQHandler
                0x08101d70                DMA1_Stream4_IRQHandler
                0x08101d70                OTG_FS_EP1_IN_IRQHandler
                0x08101d70                FMC_IRQHandler
                0x08101d70                FDCAN_CAL_IRQHandler
                0x08101d70                SWPMI1_IRQHandler
                0x08101d70                COMP1_IRQHandler
                0x08101d70                LPTIM1_IRQHandler
                0x08101d70                I2C4_ER_IRQHandler
                0x08101d70                DMA2_Stream6_IRQHandler
                0x08101d70                SAI1_IRQHandler
                0x08101d70                DMA1_Stream3_IRQHandler
 *fill*         0x08101d72        0x2 
 .text.HAL_Init
                0x08101d74       0xbc ./Drivers/STM32H7xx_HAL_Driver/stm32h7xx_hal.o
                0x08101d74                HAL_Init
 .text.HAL_InitTick
                0x08101e30       0x6c ./Drivers/STM32H7xx_HAL_Driver/stm32h7xx_hal.o
                0x08101e30                HAL_InitTick
 .text.HAL_IncTick
                0x08101e9c       0x28 ./Drivers/STM32H7xx_HAL_Driver/stm32h7xx_hal.o
                0x08101e9c                HAL_IncTick
 .text.HAL_GetTick
                0x08101ec4       0x18 ./Drivers/STM32H7xx_HAL_Driver/stm32h7xx_hal.o
                0x08101ec4                HAL_GetTick
 .text.HAL_Delay
                0x08101edc       0x48 ./Drivers/STM32H7xx_HAL_Driver/stm32h7xx_hal.o
                0x08101edc                HAL_Delay
 .text.__NVIC_SetPriorityGrouping
                0x08101f24       0x48 ./Drivers/STM32H7xx_HAL_Driver/stm32h7xx_hal_cortex.o
 .text.__NVIC_GetPriorityGrouping
                0x08101f6c       0x1c ./Drivers/STM32H7xx_HAL_Driver/stm32h7xx_hal_cortex.o
 .text.__NVIC_EnableIRQ
                0x08101f88       0x3c ./Drivers/STM32H7xx_HAL_Driver/stm32h7xx_hal_cortex.o
 .text.__NVIC_SetPriority
                0x08101fc4       0x54 ./Drivers/STM32H7xx_HAL_Driver/stm32h7xx_hal_cortex.o
 .text.NVIC_EncodePriority
                0x08102018       0x66 ./Drivers/STM32H7xx_HAL_Driver/stm32h7xx_hal_cortex.o
 *fill*         0x0810207e        0x2 
 .text.__NVIC_SystemReset
                0x08102080       0x2c ./Drivers/STM32H7xx_HAL_Driver/stm32h7xx_hal_cortex.o
 .text.SysTick_Config
                0x081020ac       0x44 ./Drivers/STM32H7xx_HAL_Driver/stm32h7xx_hal_cortex.o
 .text.HAL_NVIC_SetPriorityGrouping
                0x081020f0       0x16 ./Drivers/STM32H7xx_HAL_Driver/stm32h7xx_hal_cortex.o
                0x081020f0                HAL_NVIC_SetPriorityGrouping
 .text.HAL_NVIC_SetPriority
                0x08102106       0x34 ./Drivers/STM32H7xx_HAL_Driver/stm32h7xx_hal_cortex.o
                0x08102106                HAL_NVIC_SetPriority
 .text.HAL_NVIC_EnableIRQ
                0x0810213a       0x1c ./Drivers/STM32H7xx_HAL_Driver/stm32h7xx_hal_cortex.o
                0x0810213a                HAL_NVIC_EnableIRQ
 .text.HAL_NVIC_SystemReset
                0x08102156        0x8 ./Drivers/STM32H7xx_HAL_Driver/stm32h7xx_hal_cortex.o
                0x08102156                HAL_NVIC_SystemReset
 .text.HAL_SYSTICK_Config
                0x0810215e       0x18 ./Drivers/STM32H7xx_HAL_Driver/stm32h7xx_hal_cortex.o
                0x0810215e                HAL_SYSTICK_Config
 *fill*         0x08102176        0x2 
 .text.HAL_GetCurrentCPUID
                0x08102178       0x28 ./Drivers/STM32H7xx_HAL_Driver/stm32h7xx_hal_cortex.o
                0x08102178                HAL_GetCurrentCPUID
 .text.HAL_DMA_Init
                0x081021a0      0x6b4 ./Drivers/STM32H7xx_HAL_Driver/stm32h7xx_hal_dma.o
                0x081021a0                HAL_DMA_Init
 .text.HAL_DMA_Start_IT
                0x08102854      0x4d4 ./Drivers/STM32H7xx_HAL_Driver/stm32h7xx_hal_dma.o
                0x08102854                HAL_DMA_Start_IT
 .text.HAL_DMA_Abort_IT
                0x08102d28      0x48c ./Drivers/STM32H7xx_HAL_Driver/stm32h7xx_hal_dma.o
                0x08102d28                HAL_DMA_Abort_IT
 .text.HAL_DMA_IRQHandler
                0x081031b4      0xe54 ./Drivers/STM32H7xx_HAL_Driver/stm32h7xx_hal_dma.o
                0x081031b4                HAL_DMA_IRQHandler
 .text.HAL_DMA_GetState
                0x08104008       0x1c ./Drivers/STM32H7xx_HAL_Driver/stm32h7xx_hal_dma.o
                0x08104008                HAL_DMA_GetState
 .text.HAL_DMA_GetError
                0x08104024       0x18 ./Drivers/STM32H7xx_HAL_Driver/stm32h7xx_hal_dma.o
                0x08104024                HAL_DMA_GetError
 .text.DMA_SetConfig
                0x0810403c      0x358 ./Drivers/STM32H7xx_HAL_Driver/stm32h7xx_hal_dma.o
 .text.DMA_CalcBaseAndBitshift
                0x08104394      0x164 ./Drivers/STM32H7xx_HAL_Driver/stm32h7xx_hal_dma.o
 .text.DMA_CheckFifoParam
                0x081044f8       0xf8 ./Drivers/STM32H7xx_HAL_Driver/stm32h7xx_hal_dma.o
 .text.DMA_CalcDMAMUXChannelBaseAndMask
                0x081045f0      0x134 ./Drivers/STM32H7xx_HAL_Driver/stm32h7xx_hal_dma.o
 .text.DMA_CalcDMAMUXRequestGenBaseAndMask
                0x08104724       0xe8 ./Drivers/STM32H7xx_HAL_Driver/stm32h7xx_hal_dma.o
 .text.HAL_GPIO_Init
                0x0810480c      0x360 ./Drivers/STM32H7xx_HAL_Driver/stm32h7xx_hal_gpio.o
                0x0810480c                HAL_GPIO_Init
 .text.HAL_GPIO_WritePin
                0x08104b6c       0x32 ./Drivers/STM32H7xx_HAL_Driver/stm32h7xx_hal_gpio.o
                0x08104b6c                HAL_GPIO_WritePin
 *fill*         0x08104b9e        0x2 
 .text.HAL_HSEM_FastTake
                0x08104ba0       0x34 ./Drivers/STM32H7xx_HAL_Driver/stm32h7xx_hal_hsem.o
                0x08104ba0                HAL_HSEM_FastTake
 .text.HAL_HSEM_Release
                0x08104bd4       0x28 ./Drivers/STM32H7xx_HAL_Driver/stm32h7xx_hal_hsem.o
                0x08104bd4                HAL_HSEM_Release
 .text.HAL_HSEM_ActivateNotification
                0x08104bfc       0x24 ./Drivers/STM32H7xx_HAL_Driver/stm32h7xx_hal_hsem.o
                0x08104bfc                HAL_HSEM_ActivateNotification
 .text.HAL_HSEM_DeactivateNotification
                0x08104c20       0x28 ./Drivers/STM32H7xx_HAL_Driver/stm32h7xx_hal_hsem.o
                0x08104c20                HAL_HSEM_DeactivateNotification
 .text.HAL_I2C_Init
                0x08104c48      0x136 ./Drivers/STM32H7xx_HAL_Driver/stm32h7xx_hal_i2c.o
                0x08104c48                HAL_I2C_Init
 *fill*         0x08104d7e        0x2 
 .text.HAL_I2C_Mem_Write
                0x08104d80      0x228 ./Drivers/STM32H7xx_HAL_Driver/stm32h7xx_hal_i2c.o
                0x08104d80                HAL_I2C_Mem_Write
 .text.HAL_I2C_Mem_Read
                0x08104fa8      0x234 ./Drivers/STM32H7xx_HAL_Driver/stm32h7xx_hal_i2c.o
                0x08104fa8                HAL_I2C_Mem_Read
 .text.HAL_I2C_Mem_Read_DMA
                0x081051dc      0x1cc ./Drivers/STM32H7xx_HAL_Driver/stm32h7xx_hal_i2c.o
                0x081051dc                HAL_I2C_Mem_Read_DMA
 .text.HAL_I2C_EV_IRQHandler
                0x081053a8       0x34 ./Drivers/STM32H7xx_HAL_Driver/stm32h7xx_hal_i2c.o
                0x081053a8                HAL_I2C_EV_IRQHandler
 .text.HAL_I2C_ER_IRQHandler
                0x081053dc       0xb6 ./Drivers/STM32H7xx_HAL_Driver/stm32h7xx_hal_i2c.o
                0x081053dc                HAL_I2C_ER_IRQHandler
 .text.HAL_I2C_MasterTxCpltCallback
                0x08105492       0x14 ./Drivers/STM32H7xx_HAL_Driver/stm32h7xx_hal_i2c.o
                0x08105492                HAL_I2C_MasterTxCpltCallback
 .text.HAL_I2C_MasterRxCpltCallback
                0x081054a6       0x14 ./Drivers/STM32H7xx_HAL_Driver/stm32h7xx_hal_i2c.o
                0x081054a6                HAL_I2C_MasterRxCpltCallback
 .text.HAL_I2C_SlaveTxCpltCallback
                0x081054ba       0x14 ./Drivers/STM32H7xx_HAL_Driver/stm32h7xx_hal_i2c.o
                0x081054ba                HAL_I2C_SlaveTxCpltCallback
 .text.HAL_I2C_SlaveRxCpltCallback
                0x081054ce       0x14 ./Drivers/STM32H7xx_HAL_Driver/stm32h7xx_hal_i2c.o
                0x081054ce                HAL_I2C_SlaveRxCpltCallback
 .text.HAL_I2C_AddrCallback
                0x081054e2       0x1c ./Drivers/STM32H7xx_HAL_Driver/stm32h7xx_hal_i2c.o
                0x081054e2                HAL_I2C_AddrCallback
 .text.HAL_I2C_ListenCpltCallback
                0x081054fe       0x14 ./Drivers/STM32H7xx_HAL_Driver/stm32h7xx_hal_i2c.o
                0x081054fe                HAL_I2C_ListenCpltCallback
 .text.HAL_I2C_MemTxCpltCallback
                0x08105512       0x14 ./Drivers/STM32H7xx_HAL_Driver/stm32h7xx_hal_i2c.o
                0x08105512                HAL_I2C_MemTxCpltCallback
 .text.HAL_I2C_ErrorCallback
                0x08105526       0x14 ./Drivers/STM32H7xx_HAL_Driver/stm32h7xx_hal_i2c.o
                0x08105526                HAL_I2C_ErrorCallback
 .text.HAL_I2C_AbortCpltCallback
                0x0810553a       0x14 ./Drivers/STM32H7xx_HAL_Driver/stm32h7xx_hal_i2c.o
                0x0810553a                HAL_I2C_AbortCpltCallback
 .text.I2C_Slave_ISR_IT
                0x0810554e      0x1f2 ./Drivers/STM32H7xx_HAL_Driver/stm32h7xx_hal_i2c.o
 .text.I2C_Master_ISR_DMA
                0x08105740      0x1d6 ./Drivers/STM32H7xx_HAL_Driver/stm32h7xx_hal_i2c.o
 *fill*         0x08105916        0x2 
 .text.I2C_Mem_ISR_DMA
                0x08105918      0x24c ./Drivers/STM32H7xx_HAL_Driver/stm32h7xx_hal_i2c.o
 .text.I2C_Slave_ISR_DMA
                0x08105b64      0x3b4 ./Drivers/STM32H7xx_HAL_Driver/stm32h7xx_hal_i2c.o
 .text.I2C_RequestMemoryWrite
                0x08105f18       0xa8 ./Drivers/STM32H7xx_HAL_Driver/stm32h7xx_hal_i2c.o
 .text.I2C_RequestMemoryRead
                0x08105fc0       0xa8 ./Drivers/STM32H7xx_HAL_Driver/stm32h7xx_hal_i2c.o
 .text.I2C_ITAddrCplt
                0x08106068      0x108 ./Drivers/STM32H7xx_HAL_Driver/stm32h7xx_hal_i2c.o
 .text.I2C_ITMasterSeqCplt
                0x08106170       0x7a ./Drivers/STM32H7xx_HAL_Driver/stm32h7xx_hal_i2c.o
 .text.I2C_ITSlaveSeqCplt
                0x081061ea       0xb8 ./Drivers/STM32H7xx_HAL_Driver/stm32h7xx_hal_i2c.o
 *fill*         0x081062a2        0x2 
 .text.I2C_ITMasterCplt
                0x081062a4      0x190 ./Drivers/STM32H7xx_HAL_Driver/stm32h7xx_hal_i2c.o
 .text.I2C_ITSlaveCplt
                0x08106434      0x4a8 ./Drivers/STM32H7xx_HAL_Driver/stm32h7xx_hal_i2c.o
 .text.I2C_ITListenCplt
                0x081068dc       0xa8 ./Drivers/STM32H7xx_HAL_Driver/stm32h7xx_hal_i2c.o
 .text.I2C_ITError
                0x08106984      0x1e0 ./Drivers/STM32H7xx_HAL_Driver/stm32h7xx_hal_i2c.o
 .text.I2C_TreatErrorCallback
                0x08106b64       0x4e ./Drivers/STM32H7xx_HAL_Driver/stm32h7xx_hal_i2c.o
 .text.I2C_Flush_TXDR
                0x08106bb2       0x48 ./Drivers/STM32H7xx_HAL_Driver/stm32h7xx_hal_i2c.o
 .text.I2C_DMAMasterReceiveCplt
                0x08106bfa       0x96 ./Drivers/STM32H7xx_HAL_Driver/stm32h7xx_hal_i2c.o
 .text.I2C_DMAError
                0x08106c90      0x274 ./Drivers/STM32H7xx_HAL_Driver/stm32h7xx_hal_i2c.o
 .text.I2C_DMAAbort
                0x08106f04       0x3c ./Drivers/STM32H7xx_HAL_Driver/stm32h7xx_hal_i2c.o
 .text.I2C_WaitOnFlagUntilTimeout
                0x08106f40       0xb2 ./Drivers/STM32H7xx_HAL_Driver/stm32h7xx_hal_i2c.o
 .text.I2C_WaitOnTXISFlagUntilTimeout
                0x08106ff2       0x8e ./Drivers/STM32H7xx_HAL_Driver/stm32h7xx_hal_i2c.o
 .text.I2C_WaitOnSTOPFlagUntilTimeout
                0x08107080       0x86 ./Drivers/STM32H7xx_HAL_Driver/stm32h7xx_hal_i2c.o
 *fill*         0x08107106        0x2 
 .text.I2C_IsErrorOccurred
                0x08107108      0x1c0 ./Drivers/STM32H7xx_HAL_Driver/stm32h7xx_hal_i2c.o
 .text.I2C_TransferConfig
                0x081072c8       0x64 ./Drivers/STM32H7xx_HAL_Driver/stm32h7xx_hal_i2c.o
 .text.I2C_Enable_IRQ
                0x0810732c      0x108 ./Drivers/STM32H7xx_HAL_Driver/stm32h7xx_hal_i2c.o
 .text.I2C_Disable_IRQ
                0x08107434       0xbc ./Drivers/STM32H7xx_HAL_Driver/stm32h7xx_hal_i2c.o
 .text.HAL_I2CEx_ConfigAnalogFilter
                0x081074f0       0x96 ./Drivers/STM32H7xx_HAL_Driver/stm32h7xx_hal_i2c_ex.o
                0x081074f0                HAL_I2CEx_ConfigAnalogFilter
 .text.HAL_I2CEx_ConfigDigitalFilter
                0x08107586       0x98 ./Drivers/STM32H7xx_HAL_Driver/stm32h7xx_hal_i2c_ex.o
                0x08107586                HAL_I2CEx_ConfigDigitalFilter
 *fill*         0x0810761e        0x2 
 .text.HAL_PWREx_EnterSTOPMode
                0x08107620       0xf4 ./Drivers/STM32H7xx_HAL_Driver/stm32h7xx_hal_pwr_ex.o
                0x08107620                HAL_PWREx_EnterSTOPMode
 .text.HAL_PWREx_ClearPendingEvent
                0x08107714       0x1a ./Drivers/STM32H7xx_HAL_Driver/stm32h7xx_hal_pwr_ex.o
                0x08107714                HAL_PWREx_ClearPendingEvent
 *fill*         0x0810772e        0x2 
 .text.HAL_RCC_GetSysClockFreq
                0x08107730      0x2f4 ./Drivers/STM32H7xx_HAL_Driver/stm32h7xx_hal_rcc.o
                0x08107730                HAL_RCC_GetSysClockFreq
 .text.HAL_RCCEx_PeriphCLKConfig
                0x08107a24     0x1414 ./Drivers/STM32H7xx_HAL_Driver/stm32h7xx_hal_rcc_ex.o
                0x08107a24                HAL_RCCEx_PeriphCLKConfig
 .text.RCCEx_PLL2_Config
                0x08108e38      0x164 ./Drivers/STM32H7xx_HAL_Driver/stm32h7xx_hal_rcc_ex.o
 .text.RCCEx_PLL3_Config
                0x08108f9c      0x164 ./Drivers/STM32H7xx_HAL_Driver/stm32h7xx_hal_rcc_ex.o
 .text.HAL_SPI_Init
                0x08109100      0x248 ./Drivers/STM32H7xx_HAL_Driver/stm32h7xx_hal_spi.o
                0x08109100                HAL_SPI_Init
 .text.SPI_GetPacketSize
                0x08109348       0x36 ./Drivers/STM32H7xx_HAL_Driver/stm32h7xx_hal_spi.o
 .text.HAL_TIM_Base_Init
                0x0810937e       0xae ./Drivers/STM32H7xx_HAL_Driver/stm32h7xx_hal_tim.o
                0x0810937e                HAL_TIM_Base_Init
 .text.HAL_TIM_Base_Start_IT
                0x0810942c       0xf0 ./Drivers/STM32H7xx_HAL_Driver/stm32h7xx_hal_tim.o
                0x0810942c                HAL_TIM_Base_Start_IT
 .text.HAL_TIM_IRQHandler
                0x0810951c      0x20e ./Drivers/STM32H7xx_HAL_Driver/stm32h7xx_hal_tim.o
                0x0810951c                HAL_TIM_IRQHandler
 *fill*         0x0810972a        0x2 
 .text.HAL_TIM_ConfigClockSource
                0x0810972c      0x1f0 ./Drivers/STM32H7xx_HAL_Driver/stm32h7xx_hal_tim.o
                0x0810972c                HAL_TIM_ConfigClockSource
 .text.HAL_TIM_OC_DelayElapsedCallback
                0x0810991c       0x14 ./Drivers/STM32H7xx_HAL_Driver/stm32h7xx_hal_tim.o
                0x0810991c                HAL_TIM_OC_DelayElapsedCallback
 .text.HAL_TIM_IC_CaptureCallback
                0x08109930       0x14 ./Drivers/STM32H7xx_HAL_Driver/stm32h7xx_hal_tim.o
                0x08109930                HAL_TIM_IC_CaptureCallback
 .text.HAL_TIM_PWM_PulseFinishedCallback
                0x08109944       0x14 ./Drivers/STM32H7xx_HAL_Driver/stm32h7xx_hal_tim.o
                0x08109944                HAL_TIM_PWM_PulseFinishedCallback
 .text.HAL_TIM_TriggerCallback
                0x08109958       0x14 ./Drivers/STM32H7xx_HAL_Driver/stm32h7xx_hal_tim.o
                0x08109958                HAL_TIM_TriggerCallback
 .text.TIM_Base_SetConfig
                0x0810996c      0x140 ./Drivers/STM32H7xx_HAL_Driver/stm32h7xx_hal_tim.o
                0x0810996c                TIM_Base_SetConfig
 .text.TIM_TI1_ConfigInputStage
                0x08109aac       0x5e ./Drivers/STM32H7xx_HAL_Driver/stm32h7xx_hal_tim.o
 .text.TIM_TI2_ConfigInputStage
                0x08109b0a       0x60 ./Drivers/STM32H7xx_HAL_Driver/stm32h7xx_hal_tim.o
 .text.TIM_ITRx_SetConfig
                0x08109b6a       0x3a ./Drivers/STM32H7xx_HAL_Driver/stm32h7xx_hal_tim.o
 .text.TIM_ETR_SetConfig
                0x08109ba4       0x40 ./Drivers/STM32H7xx_HAL_Driver/stm32h7xx_hal_tim.o
                0x08109ba4                TIM_ETR_SetConfig
 .text.HAL_TIMEx_MasterConfigSynchronization
                0x08109be4      0x11c ./Drivers/STM32H7xx_HAL_Driver/stm32h7xx_hal_tim_ex.o
                0x08109be4                HAL_TIMEx_MasterConfigSynchronization
 .text.HAL_TIMEx_CommutCallback
                0x08109d00       0x14 ./Drivers/STM32H7xx_HAL_Driver/stm32h7xx_hal_tim_ex.o
                0x08109d00                HAL_TIMEx_CommutCallback
 .text.HAL_TIMEx_BreakCallback
                0x08109d14       0x14 ./Drivers/STM32H7xx_HAL_Driver/stm32h7xx_hal_tim_ex.o
                0x08109d14                HAL_TIMEx_BreakCallback
 .text.HAL_TIMEx_Break2Callback
                0x08109d28       0x14 ./Drivers/STM32H7xx_HAL_Driver/stm32h7xx_hal_tim_ex.o
                0x08109d28                HAL_TIMEx_Break2Callback
 .text.memset   0x08109d3c       0x10 /opt/st/stm32cubeide_1.16.1/plugins/com.st.stm32cube.ide.mcu.externaltools.gnu-tools-for-stm32.12.3.rel1.linux64_1.1.0.202410170702/tools/bin/../lib/gcc/arm-none-eabi/12.3.1/../../../../arm-none-eabi/lib/thumb/v7e-m+fp/hard/libc_nano.a(libc_a-memset.o)
                0x08109d3c                memset
 .text.__libc_init_array
                0x08109d4c       0x48 /opt/st/stm32cubeide_1.16.1/plugins/com.st.stm32cube.ide.mcu.externaltools.gnu-tools-for-stm32.12.3.rel1.linux64_1.1.0.202410170702/tools/bin/../lib/gcc/arm-none-eabi/12.3.1/../../../../arm-none-eabi/lib/thumb/v7e-m+fp/hard/libc_nano.a(libc_a-init.o)
                0x08109d4c                __libc_init_array
 *(.glue_7)
 .glue_7        0x08109d94        0x0 linker stubs
 *(.glue_7t)
 .glue_7t       0x08109d94        0x0 linker stubs
 *(.eh_frame)
 .eh_frame      0x08109d94        0x0 /opt/st/stm32cubeide_1.16.1/plugins/com.st.stm32cube.ide.mcu.externaltools.gnu-tools-for-stm32.12.3.rel1.linux64_1.1.0.202410170702/tools/bin/../lib/gcc/arm-none-eabi/12.3.1/thumb/v7e-m+fp/hard/crtbegin.o
 *(.init)
 .init          0x08109d94        0x4 /opt/st/stm32cubeide_1.16.1/plugins/com.st.stm32cube.ide.mcu.externaltools.gnu-tools-for-stm32.12.3.rel1.linux64_1.1.0.202410170702/tools/bin/../lib/gcc/arm-none-eabi/12.3.1/thumb/v7e-m+fp/hard/crti.o
                0x08109d94                _init
 .init          0x08109d98        0x8 /opt/st/stm32cubeide_1.16.1/plugins/com.st.stm32cube.ide.mcu.externaltools.gnu-tools-for-stm32.12.3.rel1.linux64_1.1.0.202410170702/tools/bin/../lib/gcc/arm-none-eabi/12.3.1/thumb/v7e-m+fp/hard/crtn.o
 *(.fini)
 .fini          0x08109da0        0x4 /opt/st/stm32cubeide_1.16.1/plugins/com.st.stm32cube.ide.mcu.externaltools.gnu-tools-for-stm32.12.3.rel1.linux64_1.1.0.202410170702/tools/bin/../lib/gcc/arm-none-eabi/12.3.1/thumb/v7e-m+fp/hard/crti.o
                0x08109da0                _fini
 .fini          0x08109da4        0x8 /opt/st/stm32cubeide_1.16.1/plugins/com.st.stm32cube.ide.mcu.externaltools.gnu-tools-for-stm32.12.3.rel1.linux64_1.1.0.202410170702/tools/bin/../lib/gcc/arm-none-eabi/12.3.1/thumb/v7e-m+fp/hard/crtn.o
                0x08109dac                        . = ALIGN (0x4)
                0x08109dac                        _etext = .

.vfp11_veneer   0x08109dac        0x0
 .vfp11_veneer  0x08109dac        0x0 linker stubs

.v4_bx          0x08109dac        0x0
 .v4_bx         0x08109dac        0x0 linker stubs

.iplt           0x08109dac        0x0
 .iplt          0x08109dac        0x0 /opt/st/stm32cubeide_1.16.1/plugins/com.st.stm32cube.ide.mcu.externaltools.gnu-tools-for-stm32.12.3.rel1.linux64_1.1.0.202410170702/tools/bin/../lib/gcc/arm-none-eabi/12.3.1/thumb/v7e-m+fp/hard/crtbegin.o

.rodata         0x08109dac       0x18
                0x08109dac                        . = ALIGN (0x4)
 *(.rodata)
 *(.rodata*)
 .rodata.D1CorePrescTable
                0x08109dac       0x10 ./Common/Src/system_stm32h7xx_dualcore_boot_cm4_cm7.o
                0x08109dac                D1CorePrescTable
 .rodata.flagBitshiftOffset.0
                0x08109dbc        0x8 ./Drivers/STM32H7xx_HAL_Driver/stm32h7xx_hal_dma.o
                0x08109dc4                        . = ALIGN (0x4)

.ARM.extab
 *(.ARM.extab* .gnu.linkonce.armextab.*)

.ARM            0x08109dc4        0x0
                0x08109dc4                        __exidx_start = .
 *(.ARM.exidx*)
                0x08109dc4                        __exidx_end = .

.preinit_array  0x08109dc4        0x0
                0x08109dc4                        PROVIDE (__preinit_array_start = .)
 *(.preinit_array*)
                0x08109dc4                        PROVIDE (__preinit_array_end = .)

.init_array     0x08109dc4        0x4
                0x08109dc4                        PROVIDE (__init_array_start = .)
 *(SORT_BY_NAME(.init_array.*))
 *(.init_array*)
 .init_array    0x08109dc4        0x4 /opt/st/stm32cubeide_1.16.1/plugins/com.st.stm32cube.ide.mcu.externaltools.gnu-tools-for-stm32.12.3.rel1.linux64_1.1.0.202410170702/tools/bin/../lib/gcc/arm-none-eabi/12.3.1/thumb/v7e-m+fp/hard/crtbegin.o
                0x08109dc8                        PROVIDE (__init_array_end = .)

.fini_array     0x08109dc8        0x4
                [!provide]                        PROVIDE (__fini_array_start = .)
 *(SORT_BY_NAME(.fini_array.*))
 *(.fini_array*)
 .fini_array    0x08109dc8        0x4 /opt/st/stm32cubeide_1.16.1/plugins/com.st.stm32cube.ide.mcu.externaltools.gnu-tools-for-stm32.12.3.rel1.linux64_1.1.0.202410170702/tools/bin/../lib/gcc/arm-none-eabi/12.3.1/thumb/v7e-m+fp/hard/crtbegin.o
                [!provide]                        PROVIDE (__fini_array_end = .)
                0x08109dcc                        _sidata = LOADADDR (.data)

.rel.dyn        0x08109dcc        0x0
 .rel.iplt      0x08109dcc        0x0 /opt/st/stm32cubeide_1.16.1/plugins/com.st.stm32cube.ide.mcu.externaltools.gnu-tools-for-stm32.12.3.rel1.linux64_1.1.0.202410170702/tools/bin/../lib/gcc/arm-none-eabi/12.3.1/thumb/v7e-m+fp/hard/crtbegin.o

.data           0x10000000       0x28 load address 0x08109dcc
                0x10000000                        . = ALIGN (0x4)
                0x10000000                        _sdata = .
 *(.data)
 *(.data*)
 .data.BNO055_off
                0x10000000       0x16 ./Common/BNO055_I2C/BNO055_config.o
                0x10000000                BNO055_off
 *fill*         0x10000016        0x2 
 .data.SystemCoreClock
                0x10000018        0x4 ./Common/Src/system_stm32h7xx_dualcore_boot_cm4_cm7.o
                0x10000018                SystemCoreClock
 .data.SystemD2Clock
                0x1000001c        0x4 ./Common/Src/system_stm32h7xx_dualcore_boot_cm4_cm7.o
                0x1000001c                SystemD2Clock
 .data.uwTickPrio
                0x10000020        0x4 ./Drivers/STM32H7xx_HAL_Driver/stm32h7xx_hal.o
                0x10000020                uwTickPrio
 .data.uwTickFreq
                0x10000024        0x1 ./Drivers/STM32H7xx_HAL_Driver/stm32h7xx_hal.o
                0x10000024                uwTickFreq
 *(.RamFunc)
 *(.RamFunc*)
                0x10000028                        . = ALIGN (0x4)
 *fill*         0x10000025        0x3 
                0x10000028                        _edata = .

.igot.plt       0x10000028        0x0 load address 0x08109df4
 .igot.plt      0x10000028        0x0 /opt/st/stm32cubeide_1.16.1/plugins/com.st.stm32cube.ide.mcu.externaltools.gnu-tools-for-stm32.12.3.rel1.linux64_1.1.0.202410170702/tools/bin/../lib/gcc/arm-none-eabi/12.3.1/thumb/v7e-m+fp/hard/crtbegin.o
                0x10000028                        . = ALIGN (0x4)

.bss            0x10000028      0x324 load address 0x08109df4
                0x10000028                        _sbss = .
                0x10000028                        __bss_start__ = _sbss
 *(.bss)
 .bss           0x10000028       0x1c /opt/st/stm32cubeide_1.16.1/plugins/com.st.stm32cube.ide.mcu.externaltools.gnu-tools-for-stm32.12.3.rel1.linux64_1.1.0.202410170702/tools/bin/../lib/gcc/arm-none-eabi/12.3.1/thumb/v7e-m+fp/hard/crtbegin.o
 *(.bss*)
 .bss.hi2c1     0x10000044       0x54 ./Core/Src/i2c.o
                0x10000044                hi2c1
 .bss.hdma_i2c1_tx
                0x10000098       0x78 ./Core/Src/i2c.o
                0x10000098                hdma_i2c1_tx
 .bss.hdma_i2c1_rx
                0x10000110       0x78 ./Core/Src/i2c.o
                0x10000110                hdma_i2c1_rx
 .bss.BNO055    0x10000188       0xe8 ./Core/Src/main.o
                0x10000188                BNO055
 .bss.timeout_busy
                0x10000270        0x2 ./Core/Src/main.o
                0x10000270                timeout_busy
 .bss.timeout_ok
                0x10000272        0x2 ./Core/Src/main.o
                0x10000272                timeout_ok
 .bss.hspi1     0x10000274       0x88 ./Core/Src/spi.o
                0x10000274                hspi1
 .bss.htim2     0x100002fc       0x4c ./Core/Src/tim.o
                0x100002fc                htim2
 .bss.uwTick    0x10000348        0x4 ./Drivers/STM32H7xx_HAL_Driver/stm32h7xx_hal.o
                0x10000348                uwTick
 *(COMMON)
                0x1000034c                        . = ALIGN (0x4)
                0x1000034c                        _ebss = .
                0x1000034c                        __bss_end__ = _ebss

._user_heap_stack
                0x1000034c      0x604 load address 0x08109df4
                0x10000350                        . = ALIGN (0x8)
 *fill*         0x1000034c        0x4 
                [!provide]                        PROVIDE (end = .)
                0x10000350                        PROVIDE (_end = .)
                0x10000550                        . = (. + _Min_Heap_Size)
 *fill*         0x10000350      0x200 
                0x10000950                        . = (. + _Min_Stack_Size)
 *fill*         0x10000550      0x400 
                0x10000950                        . = ALIGN (0x8)

/DISCARD/
 libc.a(*)
 libm.a(*)
 libgcc.a(*)

.ARM.attributes
                0x00000000       0x30
 *(.ARM.attributes)
 .ARM.attributes
                0x00000000       0x22 /opt/st/stm32cubeide_1.16.1/plugins/com.st.stm32cube.ide.mcu.externaltools.gnu-tools-for-stm32.12.3.rel1.linux64_1.1.0.202410170702/tools/bin/../lib/gcc/arm-none-eabi/12.3.1/thumb/v7e-m+fp/hard/crti.o
 .ARM.attributes
                0x00000022       0x34 /opt/st/stm32cubeide_1.16.1/plugins/com.st.stm32cube.ide.mcu.externaltools.gnu-tools-for-stm32.12.3.rel1.linux64_1.1.0.202410170702/tools/bin/../lib/gcc/arm-none-eabi/12.3.1/thumb/v7e-m+fp/hard/crtbegin.o
 .ARM.attributes
                0x00000056       0x34 ./Common/BNO055_I2C/BNO055.o
 .ARM.attributes
                0x0000008a       0x34 ./Common/BNO055_I2C/BNO055_config.o
 .ARM.attributes
                0x000000be       0x34 ./Common/Src/system_stm32h7xx_dualcore_boot_cm4_cm7.o
 .ARM.attributes
                0x000000f2       0x34 ./Core/Src/dma.o
 .ARM.attributes
                0x00000126       0x34 ./Core/Src/gpio.o
 .ARM.attributes
                0x0000015a       0x34 ./Core/Src/i2c.o
 .ARM.attributes
                0x0000018e       0x34 ./Core/Src/main.o
 .ARM.attributes
                0x000001c2       0x34 ./Core/Src/spi.o
 .ARM.attributes
                0x000001f6       0x34 ./Core/Src/stm32h7xx_hal_msp.o
 .ARM.attributes
                0x0000022a       0x34 ./Core/Src/stm32h7xx_it.o
 .ARM.attributes
                0x0000025e       0x34 ./Core/Src/tim.o
 .ARM.attributes
                0x00000292       0x21 ./Core/Startup/startup_stm32h755zitx.o
 .ARM.attributes
                0x000002b3       0x34 ./Drivers/STM32H7xx_HAL_Driver/stm32h7xx_hal.o
 .ARM.attributes
                0x000002e7       0x34 ./Drivers/STM32H7xx_HAL_Driver/stm32h7xx_hal_cortex.o
 .ARM.attributes
                0x0000031b       0x34 ./Drivers/STM32H7xx_HAL_Driver/stm32h7xx_hal_dma.o
 .ARM.attributes
                0x0000034f       0x34 ./Drivers/STM32H7xx_HAL_Driver/stm32h7xx_hal_gpio.o
 .ARM.attributes
                0x00000383       0x34 ./Drivers/STM32H7xx_HAL_Driver/stm32h7xx_hal_hsem.o
 .ARM.attributes
                0x000003b7       0x34 ./Drivers/STM32H7xx_HAL_Driver/stm32h7xx_hal_i2c.o
 .ARM.attributes
                0x000003eb       0x34 ./Drivers/STM32H7xx_HAL_Driver/stm32h7xx_hal_i2c_ex.o
 .ARM.attributes
                0x0000041f       0x34 ./Drivers/STM32H7xx_HAL_Driver/stm32h7xx_hal_pwr_ex.o
 .ARM.attributes
                0x00000453       0x34 ./Drivers/STM32H7xx_HAL_Driver/stm32h7xx_hal_rcc.o
 .ARM.attributes
                0x00000487       0x34 ./Drivers/STM32H7xx_HAL_Driver/stm32h7xx_hal_rcc_ex.o
 .ARM.attributes
                0x000004bb       0x34 ./Drivers/STM32H7xx_HAL_Driver/stm32h7xx_hal_spi.o
 .ARM.attributes
                0x000004ef       0x34 ./Drivers/STM32H7xx_HAL_Driver/stm32h7xx_hal_tim.o
 .ARM.attributes
                0x00000523       0x34 ./Drivers/STM32H7xx_HAL_Driver/stm32h7xx_hal_tim_ex.o
 .ARM.attributes
                0x00000557       0x34 /opt/st/stm32cubeide_1.16.1/plugins/com.st.stm32cube.ide.mcu.externaltools.gnu-tools-for-stm32.12.3.rel1.linux64_1.1.0.202410170702/tools/bin/../lib/gcc/arm-none-eabi/12.3.1/../../../../arm-none-eabi/lib/thumb/v7e-m+fp/hard/libc_nano.a(libc_a-memset.o)
 .ARM.attributes
                0x0000058b       0x34 /opt/st/stm32cubeide_1.16.1/plugins/com.st.stm32cube.ide.mcu.externaltools.gnu-tools-for-stm32.12.3.rel1.linux64_1.1.0.202410170702/tools/bin/../lib/gcc/arm-none-eabi/12.3.1/../../../../arm-none-eabi/lib/thumb/v7e-m+fp/hard/libc_nano.a(libc_a-init.o)
 .ARM.attributes
                0x000005bf       0x22 /opt/st/stm32cubeide_1.16.1/plugins/com.st.stm32cube.ide.mcu.externaltools.gnu-tools-for-stm32.12.3.rel1.linux64_1.1.0.202410170702/tools/bin/../lib/gcc/arm-none-eabi/12.3.1/thumb/v7e-m+fp/hard/libgcc.a(_arm_addsubdf3.o)
 .ARM.attributes
                0x000005e1       0x22 /opt/st/stm32cubeide_1.16.1/plugins/com.st.stm32cube.ide.mcu.externaltools.gnu-tools-for-stm32.12.3.rel1.linux64_1.1.0.202410170702/tools/bin/../lib/gcc/arm-none-eabi/12.3.1/thumb/v7e-m+fp/hard/libgcc.a(_arm_muldivdf3.o)
 .ARM.attributes
                0x00000603       0x22 /opt/st/stm32cubeide_1.16.1/plugins/com.st.stm32cube.ide.mcu.externaltools.gnu-tools-for-stm32.12.3.rel1.linux64_1.1.0.202410170702/tools/bin/../lib/gcc/arm-none-eabi/12.3.1/thumb/v7e-m+fp/hard/crtn.o
OUTPUT(IMU_Interface_CM4.elf elf32-littlearm)
LOAD linker stubs
LOAD /opt/st/stm32cubeide_1.16.1/plugins/com.st.stm32cube.ide.mcu.externaltools.gnu-tools-for-stm32.12.3.rel1.linux64_1.1.0.202410170702/tools/bin/../lib/gcc/arm-none-eabi/12.3.1/../../../../arm-none-eabi/lib/thumb/v7e-m+fp/hard/libc.a
LOAD /opt/st/stm32cubeide_1.16.1/plugins/com.st.stm32cube.ide.mcu.externaltools.gnu-tools-for-stm32.12.3.rel1.linux64_1.1.0.202410170702/tools/bin/../lib/gcc/arm-none-eabi/12.3.1/../../../../arm-none-eabi/lib/thumb/v7e-m+fp/hard/libm.a
LOAD /opt/st/stm32cubeide_1.16.1/plugins/com.st.stm32cube.ide.mcu.externaltools.gnu-tools-for-stm32.12.3.rel1.linux64_1.1.0.202410170702/tools/bin/../lib/gcc/arm-none-eabi/12.3.1/thumb/v7e-m+fp/hard/libgcc.a

.debug_info     0x00000000    0x1868b
 .debug_info    0x00000000     0x1056 ./Common/BNO055_I2C/BNO055.o
 .debug_info    0x00001056      0x1f9 ./Common/BNO055_I2C/BNO055_config.o
 .debug_info    0x0000124f      0x761 ./Common/Src/system_stm32h7xx_dualcore_boot_cm4_cm7.o
 .debug_info    0x000019b0      0x847 ./Core/Src/dma.o
 .debug_info    0x000021f7      0x634 ./Core/Src/gpio.o
 .debug_info    0x0000282b     0x14ac ./Core/Src/i2c.o
 .debug_info    0x00003cd7     0x19de ./Core/Src/main.o
 .debug_info    0x000056b5     0x10ad ./Core/Src/spi.o
 .debug_info    0x00006762      0x464 ./Core/Src/stm32h7xx_hal_msp.o
 .debug_info    0x00006bc6      0xbf3 ./Core/Src/stm32h7xx_it.o
 .debug_info    0x000077b9     0x10d4 ./Core/Src/tim.o
 .debug_info    0x0000888d       0x30 ./Core/Startup/startup_stm32h755zitx.o
 .debug_info    0x000088bd     0x17b6 ./Drivers/STM32H7xx_HAL_Driver/stm32h7xx_hal.o
 .debug_info    0x0000a073      0xf32 ./Drivers/STM32H7xx_HAL_Driver/stm32h7xx_hal_cortex.o
 .debug_info    0x0000afa5      0xc43 ./Drivers/STM32H7xx_HAL_Driver/stm32h7xx_hal_dma.o
 .debug_info    0x0000bbe8      0xd06 ./Drivers/STM32H7xx_HAL_Driver/stm32h7xx_hal_gpio.o
 .debug_info    0x0000c8ee      0x3d3 ./Drivers/STM32H7xx_HAL_Driver/stm32h7xx_hal_hsem.o
 .debug_info    0x0000ccc1     0x22c9 ./Drivers/STM32H7xx_HAL_Driver/stm32h7xx_hal_i2c.o
 .debug_info    0x0000ef8a      0xd84 ./Drivers/STM32H7xx_HAL_Driver/stm32h7xx_hal_i2c_ex.o
 .debug_info    0x0000fd0e     0x1030 ./Drivers/STM32H7xx_HAL_Driver/stm32h7xx_hal_pwr_ex.o
 .debug_info    0x00010d3e      0xe67 ./Drivers/STM32H7xx_HAL_Driver/stm32h7xx_hal_rcc.o
 .debug_info    0x00011ba5     0x1303 ./Drivers/STM32H7xx_HAL_Driver/stm32h7xx_hal_rcc_ex.o
 .debug_info    0x00012ea8     0x144a ./Drivers/STM32H7xx_HAL_Driver/stm32h7xx_hal_spi.o
 .debug_info    0x000142f2     0x2bae ./Drivers/STM32H7xx_HAL_Driver/stm32h7xx_hal_tim.o
 .debug_info    0x00016ea0     0x17eb ./Drivers/STM32H7xx_HAL_Driver/stm32h7xx_hal_tim_ex.o

.debug_abbrev   0x00000000     0x33a1
 .debug_abbrev  0x00000000      0x2c8 ./Common/BNO055_I2C/BNO055.o
 .debug_abbrev  0x000002c8       0xbc ./Common/BNO055_I2C/BNO055_config.o
 .debug_abbrev  0x00000384      0x138 ./Common/Src/system_stm32h7xx_dualcore_boot_cm4_cm7.o
 .debug_abbrev  0x000004bc      0x11e ./Core/Src/dma.o
 .debug_abbrev  0x000005da      0x189 ./Core/Src/gpio.o
 .debug_abbrev  0x00000763      0x268 ./Core/Src/i2c.o
 .debug_abbrev  0x000009cb      0x2eb ./Core/Src/main.o
 .debug_abbrev  0x00000cb6      0x229 ./Core/Src/spi.o
 .debug_abbrev  0x00000edf       0xdb ./Core/Src/stm32h7xx_hal_msp.o
 .debug_abbrev  0x00000fba      0x1b7 ./Core/Src/stm32h7xx_it.o
 .debug_abbrev  0x00001171      0x215 ./Core/Src/tim.o
 .debug_abbrev  0x00001386       0x24 ./Core/Startup/startup_stm32h755zitx.o
 .debug_abbrev  0x000013aa      0x29f ./Drivers/STM32H7xx_HAL_Driver/stm32h7xx_hal.o
 .debug_abbrev  0x00001649      0x337 ./Drivers/STM32H7xx_HAL_Driver/stm32h7xx_hal_cortex.o
 .debug_abbrev  0x00001980      0x248 ./Drivers/STM32H7xx_HAL_Driver/stm32h7xx_hal_dma.o
 .debug_abbrev  0x00001bc8      0x205 ./Drivers/STM32H7xx_HAL_Driver/stm32h7xx_hal_gpio.o
 .debug_abbrev  0x00001dcd      0x1d3 ./Drivers/STM32H7xx_HAL_Driver/stm32h7xx_hal_hsem.o
 .debug_abbrev  0x00001fa0      0x25d ./Drivers/STM32H7xx_HAL_Driver/stm32h7xx_hal_i2c.o
 .debug_abbrev  0x000021fd      0x1f5 ./Drivers/STM32H7xx_HAL_Driver/stm32h7xx_hal_i2c_ex.o
 .debug_abbrev  0x000023f2      0x2d6 ./Drivers/STM32H7xx_HAL_Driver/stm32h7xx_hal_pwr_ex.o
 .debug_abbrev  0x000026c8      0x2c8 ./Drivers/STM32H7xx_HAL_Driver/stm32h7xx_hal_rcc.o
 .debug_abbrev  0x00002990      0x269 ./Drivers/STM32H7xx_HAL_Driver/stm32h7xx_hal_rcc_ex.o
 .debug_abbrev  0x00002bf9      0x2b1 ./Drivers/STM32H7xx_HAL_Driver/stm32h7xx_hal_spi.o
 .debug_abbrev  0x00002eaa      0x276 ./Drivers/STM32H7xx_HAL_Driver/stm32h7xx_hal_tim.o
 .debug_abbrev  0x00003120      0x281 ./Drivers/STM32H7xx_HAL_Driver/stm32h7xx_hal_tim_ex.o

.debug_aranges  0x00000000     0x13f0
 .debug_aranges
                0x00000000       0x50 ./Common/BNO055_I2C/BNO055.o
 .debug_aranges
                0x00000050       0x18 ./Common/BNO055_I2C/BNO055_config.o
 .debug_aranges
                0x00000068       0x28 ./Common/Src/system_stm32h7xx_dualcore_boot_cm4_cm7.o
 .debug_aranges
                0x00000090       0x20 ./Core/Src/dma.o
 .debug_aranges
                0x000000b0       0x20 ./Core/Src/gpio.o
 .debug_aranges
                0x000000d0       0x30 ./Core/Src/i2c.o
 .debug_aranges
                0x00000100       0x38 ./Core/Src/main.o
 .debug_aranges
                0x00000138       0x30 ./Core/Src/spi.o
 .debug_aranges
                0x00000168       0x20 ./Core/Src/stm32h7xx_hal_msp.o
 .debug_aranges
                0x00000188       0x88 ./Core/Src/stm32h7xx_it.o
 .debug_aranges
                0x00000210       0x30 ./Core/Src/tim.o
 .debug_aranges
                0x00000240       0x28 ./Core/Startup/startup_stm32h755zitx.o
 .debug_aranges
                0x00000268      0x200 ./Drivers/STM32H7xx_HAL_Driver/stm32h7xx_hal.o
 .debug_aranges
                0x00000468      0x130 ./Drivers/STM32H7xx_HAL_Driver/stm32h7xx_hal_cortex.o
 .debug_aranges
                0x00000598       0xa0 ./Drivers/STM32H7xx_HAL_Driver/stm32h7xx_hal_dma.o
 .debug_aranges
                0x00000638       0x58 ./Drivers/STM32H7xx_HAL_Driver/stm32h7xx_hal_gpio.o
 .debug_aranges
                0x00000690       0x70 ./Drivers/STM32H7xx_HAL_Driver/stm32h7xx_hal_hsem.o
 .debug_aranges
                0x00000700      0x2a0 ./Drivers/STM32H7xx_HAL_Driver/stm32h7xx_hal_i2c.o
 .debug_aranges
                0x000009a0       0x48 ./Drivers/STM32H7xx_HAL_Driver/stm32h7xx_hal_i2c_ex.o
 .debug_aranges
                0x000009e8      0x170 ./Drivers/STM32H7xx_HAL_Driver/stm32h7xx_hal_pwr_ex.o
 .debug_aranges
                0x00000b58       0x88 ./Drivers/STM32H7xx_HAL_Driver/stm32h7xx_hal_rcc.o
 .debug_aranges
                0x00000be0      0x100 ./Drivers/STM32H7xx_HAL_Driver/stm32h7xx_hal_rcc_ex.o
 .debug_aranges
                0x00000ce0      0x1a8 ./Drivers/STM32H7xx_HAL_Driver/stm32h7xx_hal_spi.o
 .debug_aranges
                0x00000e88      0x3e0 ./Drivers/STM32H7xx_HAL_Driver/stm32h7xx_hal_tim.o
 .debug_aranges
                0x00001268      0x188 ./Drivers/STM32H7xx_HAL_Driver/stm32h7xx_hal_tim_ex.o

.debug_rnglists
                0x00000000      0xf59
 .debug_rnglists
                0x00000000       0x3e ./Common/BNO055_I2C/BNO055.o
 .debug_rnglists
                0x0000003e       0x1a ./Common/Src/system_stm32h7xx_dualcore_boot_cm4_cm7.o
 .debug_rnglists
                0x00000058       0x13 ./Core/Src/dma.o
 .debug_rnglists
                0x0000006b       0x14 ./Core/Src/gpio.o
 .debug_rnglists
                0x0000007f       0x21 ./Core/Src/i2c.o
 .debug_rnglists
                0x000000a0       0x27 ./Core/Src/main.o
 .debug_rnglists
                0x000000c7       0x21 ./Core/Src/spi.o
 .debug_rnglists
                0x000000e8       0x13 ./Core/Src/stm32h7xx_hal_msp.o
 .debug_rnglists
                0x000000fb       0x61 ./Core/Src/stm32h7xx_it.o
 .debug_rnglists
                0x0000015c       0x20 ./Core/Src/tim.o
 .debug_rnglists
                0x0000017c       0x19 ./Core/Startup/startup_stm32h755zitx.o
 .debug_rnglists
                0x00000195      0x181 ./Drivers/STM32H7xx_HAL_Driver/stm32h7xx_hal.o
 .debug_rnglists
                0x00000316       0xe0 ./Drivers/STM32H7xx_HAL_Driver/stm32h7xx_hal_cortex.o
 .debug_rnglists
                0x000003f6       0x82 ./Drivers/STM32H7xx_HAL_Driver/stm32h7xx_hal_dma.o
 .debug_rnglists
                0x00000478       0x3f ./Drivers/STM32H7xx_HAL_Driver/stm32h7xx_hal_gpio.o
 .debug_rnglists
                0x000004b7       0x4f ./Drivers/STM32H7xx_HAL_Driver/stm32h7xx_hal_hsem.o
 .debug_rnglists
                0x00000506      0x22a ./Drivers/STM32H7xx_HAL_Driver/stm32h7xx_hal_i2c.o
 .debug_rnglists
                0x00000730       0x35 ./Drivers/STM32H7xx_HAL_Driver/stm32h7xx_hal_i2c_ex.o
 .debug_rnglists
                0x00000765      0x117 ./Drivers/STM32H7xx_HAL_Driver/stm32h7xx_hal_pwr_ex.o
 .debug_rnglists
                0x0000087c       0x68 ./Drivers/STM32H7xx_HAL_Driver/stm32h7xx_hal_rcc.o
 .debug_rnglists
                0x000008e4       0xc6 ./Drivers/STM32H7xx_HAL_Driver/stm32h7xx_hal_rcc_ex.o
 .debug_rnglists
                0x000009aa      0x148 ./Drivers/STM32H7xx_HAL_Driver/stm32h7xx_hal_spi.o
 .debug_rnglists
                0x00000af2      0x328 ./Drivers/STM32H7xx_HAL_Driver/stm32h7xx_hal_tim.o
 .debug_rnglists
                0x00000e1a      0x13f ./Drivers/STM32H7xx_HAL_Driver/stm32h7xx_hal_tim_ex.o

.debug_macro    0x00000000    0x3cc89
 .debug_macro   0x00000000      0x2eb ./Common/BNO055_I2C/BNO055.o
 .debug_macro   0x000002eb      0xaba ./Common/BNO055_I2C/BNO055.o
 .debug_macro   0x00000da5      0x23e ./Common/BNO055_I2C/BNO055.o
 .debug_macro   0x00000fe3       0x2e ./Common/BNO055_I2C/BNO055.o
 .debug_macro   0x00001011       0x3b ./Common/BNO055_I2C/BNO055.o
 .debug_macro   0x0000104c       0x22 ./Common/BNO055_I2C/BNO055.o
 .debug_macro   0x0000106e       0x8e ./Common/BNO055_I2C/BNO055.o
 .debug_macro   0x000010fc       0x51 ./Common/BNO055_I2C/BNO055.o
 .debug_macro   0x0000114d      0x103 ./Common/BNO055_I2C/BNO055.o
 .debug_macro   0x00001250       0x6a ./Common/BNO055_I2C/BNO055.o
 .debug_macro   0x000012ba      0x1df ./Common/BNO055_I2C/BNO055.o
 .debug_macro   0x00001499       0x1c ./Common/BNO055_I2C/BNO055.o
 .debug_macro   0x000014b5       0x22 ./Common/BNO055_I2C/BNO055.o
 .debug_macro   0x000014d7       0xfb ./Common/BNO055_I2C/BNO055.o
 .debug_macro   0x000015d2     0x1011 ./Common/BNO055_I2C/BNO055.o
 .debug_macro   0x000025e3      0x11f ./Common/BNO055_I2C/BNO055.o
 .debug_macro   0x00002702    0x27697 ./Common/BNO055_I2C/BNO055.o
 .debug_macro   0x00029d99       0x6d ./Common/BNO055_I2C/BNO055.o
 .debug_macro   0x00029e06     0x3d79 ./Common/BNO055_I2C/BNO055.o
 .debug_macro   0x0002db7f      0x189 ./Common/BNO055_I2C/BNO055.o
 .debug_macro   0x0002dd08       0x61 ./Common/BNO055_I2C/BNO055.o
 .debug_macro   0x0002dd69       0x2a ./Common/BNO055_I2C/BNO055.o
 .debug_macro   0x0002dd93       0x43 ./Common/BNO055_I2C/BNO055.o
 .debug_macro   0x0002ddd6       0x34 ./Common/BNO055_I2C/BNO055.o
 .debug_macro   0x0002de0a       0x16 ./Common/BNO055_I2C/BNO055.o
 .debug_macro   0x0002de20       0x43 ./Common/BNO055_I2C/BNO055.o
 .debug_macro   0x0002de63       0x34 ./Common/BNO055_I2C/BNO055.o
 .debug_macro   0x0002de97       0x10 ./Common/BNO055_I2C/BNO055.o
 .debug_macro   0x0002dea7       0x58 ./Common/BNO055_I2C/BNO055.o
 .debug_macro   0x0002deff       0x8e ./Common/BNO055_I2C/BNO055.o
 .debug_macro   0x0002df8d       0x1c ./Common/BNO055_I2C/BNO055.o
 .debug_macro   0x0002dfa9      0x177 ./Common/BNO055_I2C/BNO055.o
 .debug_macro   0x0002e120      0x369 ./Common/BNO055_I2C/BNO055.o
 .debug_macro   0x0002e489      0x19b ./Common/BNO055_I2C/BNO055.o
 .debug_macro   0x0002e624       0x5d ./Common/BNO055_I2C/BNO055.o
 .debug_macro   0x0002e681     0x3b99 ./Common/BNO055_I2C/BNO055.o
 .debug_macro   0x0003221a     0x1072 ./Common/BNO055_I2C/BNO055.o
 .debug_macro   0x0003328c      0x154 ./Common/BNO055_I2C/BNO055.o
 .debug_macro   0x000333e0      0x130 ./Common/BNO055_I2C/BNO055.o
 .debug_macro   0x00033510      0x3c2 ./Common/BNO055_I2C/BNO055.o
 .debug_macro   0x000338d2       0xac ./Common/BNO055_I2C/BNO055.o
 .debug_macro   0x0003397e      0x72d ./Common/BNO055_I2C/BNO055.o
 .debug_macro   0x000340ab      0x228 ./Common/BNO055_I2C/BNO055.o
 .debug_macro   0x000342d3       0x66 ./Common/BNO055_I2C/BNO055.o
 .debug_macro   0x00034339      0x3bb ./Common/BNO055_I2C/BNO055.o
 .debug_macro   0x000346f4      0x407 ./Common/BNO055_I2C/BNO055.o
 .debug_macro   0x00034afb      0x244 ./Common/BNO055_I2C/BNO055.o
 .debug_macro   0x00034d3f      0x3ca ./Common/BNO055_I2C/BNO055.o
 .debug_macro   0x00035109      0x4a2 ./Common/BNO055_I2C/BNO055.o
 .debug_macro   0x000355ab       0x51 ./Common/BNO055_I2C/BNO055.o
 .debug_macro   0x000355fc       0x4a ./Common/BNO055_I2C/BNO055.o
 .debug_macro   0x00035646      0x22c ./Common/BNO055_I2C/BNO055.o
 .debug_macro   0x00035872       0x67 ./Common/BNO055_I2C/BNO055.o
 .debug_macro   0x000358d9       0xa5 ./Common/BNO055_I2C/BNO055.o
 .debug_macro   0x0003597e      0x218 ./Common/BNO055_I2C/BNO055.o
 .debug_macro   0x00035b96      0x2ea ./Common/BNO055_I2C/BNO055.o
 .debug_macro   0x00035e80       0x35 ./Common/BNO055_I2C/BNO055.o
 .debug_macro   0x00035eb5      0x5e4 ./Common/BNO055_I2C/BNO055.o
 .debug_macro   0x00036499       0xc1 ./Common/BNO055_I2C/BNO055.o
 .debug_macro   0x0003655a      0xafa ./Common/BNO055_I2C/BNO055.o
 .debug_macro   0x00037054      0x29f ./Common/BNO055_I2C/BNO055.o
 .debug_macro   0x000372f3      0x693 ./Common/BNO055_I2C/BNO055.o
 .debug_macro   0x00037986       0xa6 ./Common/BNO055_I2C/BNO055.o
 .debug_macro   0x00037a2c      0x7a4 ./Common/BNO055_I2C/BNO055.o
 .debug_macro   0x000381d0       0x40 ./Common/BNO055_I2C/BNO055.o
 .debug_macro   0x00038210      0x2cf ./Common/BNO055_I2C/BNO055.o
 .debug_macro   0x000384df       0x16 ./Common/BNO055_I2C/BNO055.o
 .debug_macro   0x000384f5      0x2f1 ./Common/BNO055_I2C/BNO055_config.o
 .debug_macro   0x000387e6       0x4c ./Common/BNO055_I2C/BNO055_config.o
 .debug_macro   0x00038832      0x2c4 ./Common/Src/system_stm32h7xx_dualcore_boot_cm4_cm7.o
 .debug_macro   0x00038af6      0x2dd ./Core/Src/dma.o
 .debug_macro   0x00038dd3      0x2dd ./Core/Src/gpio.o
 .debug_macro   0x000390b0      0x2dd ./Core/Src/i2c.o
 .debug_macro   0x0003938d      0x32a ./Core/Src/main.o
 .debug_macro   0x000396b7      0x159 ./Core/Src/main.o
 .debug_macro   0x00039810      0x2d5 ./Core/Src/main.o
 .debug_macro   0x00039ae5       0x52 ./Core/Src/main.o
 .debug_macro   0x00039b37      0x2dd ./Core/Src/spi.o
 .debug_macro   0x00039e14      0x2d3 ./Core/Src/stm32h7xx_hal_msp.o
 .debug_macro   0x0003a0e7      0x2dd ./Core/Src/stm32h7xx_it.o
 .debug_macro   0x0003a3c4      0x2dd ./Core/Src/tim.o
 .debug_macro   0x0003a6a1      0x2ee ./Drivers/STM32H7xx_HAL_Driver/stm32h7xx_hal.o
 .debug_macro   0x0003a98f      0x2c4 ./Drivers/STM32H7xx_HAL_Driver/stm32h7xx_hal_cortex.o
 .debug_macro   0x0003ac53      0x318 ./Drivers/STM32H7xx_HAL_Driver/stm32h7xx_hal_dma.o
 .debug_macro   0x0003af6b      0x2d8 ./Drivers/STM32H7xx_HAL_Driver/stm32h7xx_hal_gpio.o
 .debug_macro   0x0003b243      0x2d6 ./Drivers/STM32H7xx_HAL_Driver/stm32h7xx_hal_hsem.o
 .debug_macro   0x0003b519      0x390 ./Drivers/STM32H7xx_HAL_Driver/stm32h7xx_hal_i2c.o
 .debug_macro   0x0003b8a9      0x2c4 ./Drivers/STM32H7xx_HAL_Driver/stm32h7xx_hal_i2c_ex.o
 .debug_macro   0x0003bb6d      0x2fd ./Drivers/STM32H7xx_HAL_Driver/stm32h7xx_hal_pwr_ex.o
 .debug_macro   0x0003be6a      0x2e8 ./Drivers/STM32H7xx_HAL_Driver/stm32h7xx_hal_rcc.o
 .debug_macro   0x0003c152      0x2e2 ./Drivers/STM32H7xx_HAL_Driver/stm32h7xx_hal_rcc_ex.o
 .debug_macro   0x0003c434      0x2cc ./Drivers/STM32H7xx_HAL_Driver/stm32h7xx_hal_spi.o
 .debug_macro   0x0003c700      0x2c5 ./Drivers/STM32H7xx_HAL_Driver/stm32h7xx_hal_tim.o
 .debug_macro   0x0003c9c5      0x2c4 ./Drivers/STM32H7xx_HAL_Driver/stm32h7xx_hal_tim_ex.o

.debug_line     0x00000000    0x1d750
 .debug_line    0x00000000     0x12eb ./Common/BNO055_I2C/BNO055.o
 .debug_line    0x000012eb      0x899 ./Common/BNO055_I2C/BNO055_config.o
 .debug_line    0x00001b84      0x9e2 ./Common/Src/system_stm32h7xx_dualcore_boot_cm4_cm7.o
 .debug_line    0x00002566      0x84a ./Core/Src/dma.o
 .debug_line    0x00002db0      0x88b ./Core/Src/gpio.o
 .debug_line    0x0000363b      0x92f ./Core/Src/i2c.o
 .debug_line    0x00003f6a      0xa18 ./Core/Src/main.o
 .debug_line    0x00004982      0x8ff ./Core/Src/spi.o
 .debug_line    0x00005281      0x84b ./Core/Src/stm32h7xx_hal_msp.o
 .debug_line    0x00005acc      0x987 ./Core/Src/stm32h7xx_it.o
 .debug_line    0x00006453      0x8ba ./Core/Src/tim.o
 .debug_line    0x00006d0d       0x7a ./Core/Startup/startup_stm32h755zitx.o
 .debug_line    0x00006d87      0xfa0 ./Drivers/STM32H7xx_HAL_Driver/stm32h7xx_hal.o
 .debug_line    0x00007d27      0xe79 ./Drivers/STM32H7xx_HAL_Driver/stm32h7xx_hal_cortex.o
 .debug_line    0x00008ba0     0x279b ./Drivers/STM32H7xx_HAL_Driver/stm32h7xx_hal_dma.o
 .debug_line    0x0000b33b      0xd18 ./Drivers/STM32H7xx_HAL_Driver/stm32h7xx_hal_gpio.o
 .debug_line    0x0000c053      0xa06 ./Drivers/STM32H7xx_HAL_Driver/stm32h7xx_hal_hsem.o
 .debug_line    0x0000ca59     0x3ee5 ./Drivers/STM32H7xx_HAL_Driver/stm32h7xx_hal_i2c.o
 .debug_line    0x0001093e      0xaab ./Drivers/STM32H7xx_HAL_Driver/stm32h7xx_hal_i2c_ex.o
 .debug_line    0x000113e9     0x107e ./Drivers/STM32H7xx_HAL_Driver/stm32h7xx_hal_pwr_ex.o
 .debug_line    0x00012467     0x140e ./Drivers/STM32H7xx_HAL_Driver/stm32h7xx_hal_rcc.o
 .debug_line    0x00013875     0x1dc3 ./Drivers/STM32H7xx_HAL_Driver/stm32h7xx_hal_rcc_ex.o
 .debug_line    0x00015638     0x2371 ./Drivers/STM32H7xx_HAL_Driver/stm32h7xx_hal_spi.o
 .debug_line    0x000179a9     0x3fc9 ./Drivers/STM32H7xx_HAL_Driver/stm32h7xx_hal_tim.o
 .debug_line    0x0001b972     0x1dde ./Drivers/STM32H7xx_HAL_Driver/stm32h7xx_hal_tim_ex.o

.debug_str      0x00000000   0x18bee6
 .debug_str     0x00000000   0x184627 ./Common/BNO055_I2C/BNO055.o
                             0x184b10 (size before relaxing)
 .debug_str     0x00184627      0x154 ./Common/BNO055_I2C/BNO055_config.o
                             0x184218 (size before relaxing)
 .debug_str     0x0018477b      0x38f ./Common/Src/system_stm32h7xx_dualcore_boot_cm4_cm7.o
                             0x183a30 (size before relaxing)
 .debug_str     0x00184b0a      0x860 ./Core/Src/dma.o
                             0x184241 (size before relaxing)
 .debug_str     0x0018536a       0xd9 ./Core/Src/gpio.o
                             0x183a6f (size before relaxing)
 .debug_str     0x00185443      0x404 ./Core/Src/i2c.o
                             0x184d23 (size before relaxing)
 .debug_str     0x00185847      0xcc8 ./Core/Src/main.o
                             0x1859e3 (size before relaxing)
 .debug_str     0x0018650f      0x20b ./Core/Src/spi.o
                             0x184418 (size before relaxing)
 .debug_str     0x0018671a       0x2c ./Core/Src/stm32h7xx_hal_msp.o
                             0x1839a4 (size before relaxing)
 .debug_str     0x00186746      0x181 ./Core/Src/stm32h7xx_it.o
                             0x184218 (size before relaxing)
 .debug_str     0x001868c7      0x151 ./Core/Src/tim.o
                             0x184a21 (size before relaxing)
 .debug_str     0x00186a18       0x44 ./Core/Startup/startup_stm32h755zitx.o
                                 0x92 (size before relaxing)
 .debug_str     0x00186a5c      0xab1 ./Drivers/STM32H7xx_HAL_Driver/stm32h7xx_hal.o
                             0x184da6 (size before relaxing)
 .debug_str     0x0018750d      0x395 ./Drivers/STM32H7xx_HAL_Driver/stm32h7xx_hal_cortex.o
                             0x18452c (size before relaxing)
 .debug_str     0x001878a2      0x88e ./Drivers/STM32H7xx_HAL_Driver/stm32h7xx_hal_dma.o
                             0x184394 (size before relaxing)
 .debug_str     0x00188130      0x162 ./Drivers/STM32H7xx_HAL_Driver/stm32h7xx_hal_gpio.o
                             0x183c85 (size before relaxing)
 .debug_str     0x00188292      0x1a1 ./Drivers/STM32H7xx_HAL_Driver/stm32h7xx_hal_hsem.o
                             0x183910 (size before relaxing)
 .debug_str     0x00188433      0xd99 ./Drivers/STM32H7xx_HAL_Driver/stm32h7xx_hal_i2c.o
                             0x184cb0 (size before relaxing)
 .debug_str     0x001891cc       0xf9 ./Drivers/STM32H7xx_HAL_Driver/stm32h7xx_hal_i2c_ex.o
                             0x184054 (size before relaxing)
 .debug_str     0x001892c5      0x6e3 ./Drivers/STM32H7xx_HAL_Driver/stm32h7xx_hal_pwr_ex.o
                             0x1840db (size before relaxing)
 .debug_str     0x001899a8      0x547 ./Drivers/STM32H7xx_HAL_Driver/stm32h7xx_hal_rcc.o
                             0x184006 (size before relaxing)
 .debug_str     0x00189eef      0x69e ./Drivers/STM32H7xx_HAL_Driver/stm32h7xx_hal_rcc_ex.o
                             0x18453b (size before relaxing)
 .debug_str     0x0018a58d      0x56d ./Drivers/STM32H7xx_HAL_Driver/stm32h7xx_hal_spi.o
                             0x184317 (size before relaxing)
 .debug_str     0x0018aafa      0xe1b ./Drivers/STM32H7xx_HAL_Driver/stm32h7xx_hal_tim.o
                             0x184d92 (size before relaxing)
 .debug_str     0x0018b915      0x5d1 ./Drivers/STM32H7xx_HAL_Driver/stm32h7xx_hal_tim_ex.o
                             0x1846ba (size before relaxing)

.comment        0x00000000       0x43
 .comment       0x00000000       0x43 ./Common/BNO055_I2C/BNO055.o
                                 0x44 (size before relaxing)
 .comment       0x00000043       0x44 ./Common/BNO055_I2C/BNO055_config.o
 .comment       0x00000043       0x44 ./Common/Src/system_stm32h7xx_dualcore_boot_cm4_cm7.o
 .comment       0x00000043       0x44 ./Core/Src/dma.o
 .comment       0x00000043       0x44 ./Core/Src/gpio.o
 .comment       0x00000043       0x44 ./Core/Src/i2c.o
 .comment       0x00000043       0x44 ./Core/Src/main.o
 .comment       0x00000043       0x44 ./Core/Src/spi.o
 .comment       0x00000043       0x44 ./Core/Src/stm32h7xx_hal_msp.o
 .comment       0x00000043       0x44 ./Core/Src/stm32h7xx_it.o
 .comment       0x00000043       0x44 ./Core/Src/tim.o
 .comment       0x00000043       0x44 ./Drivers/STM32H7xx_HAL_Driver/stm32h7xx_hal.o
 .comment       0x00000043       0x44 ./Drivers/STM32H7xx_HAL_Driver/stm32h7xx_hal_cortex.o
 .comment       0x00000043       0x44 ./Drivers/STM32H7xx_HAL_Driver/stm32h7xx_hal_dma.o
 .comment       0x00000043       0x44 ./Drivers/STM32H7xx_HAL_Driver/stm32h7xx_hal_gpio.o
 .comment       0x00000043       0x44 ./Drivers/STM32H7xx_HAL_Driver/stm32h7xx_hal_hsem.o
 .comment       0x00000043       0x44 ./Drivers/STM32H7xx_HAL_Driver/stm32h7xx_hal_i2c.o
 .comment       0x00000043       0x44 ./Drivers/STM32H7xx_HAL_Driver/stm32h7xx_hal_i2c_ex.o
 .comment       0x00000043       0x44 ./Drivers/STM32H7xx_HAL_Driver/stm32h7xx_hal_pwr_ex.o
 .comment       0x00000043       0x44 ./Drivers/STM32H7xx_HAL_Driver/stm32h7xx_hal_rcc.o
 .comment       0x00000043       0x44 ./Drivers/STM32H7xx_HAL_Driver/stm32h7xx_hal_rcc_ex.o
 .comment       0x00000043       0x44 ./Drivers/STM32H7xx_HAL_Driver/stm32h7xx_hal_spi.o
 .comment       0x00000043       0x44 ./Drivers/STM32H7xx_HAL_Driver/stm32h7xx_hal_tim.o
 .comment       0x00000043       0x44 ./Drivers/STM32H7xx_HAL_Driver/stm32h7xx_hal_tim_ex.o

.debug_frame    0x00000000     0x53f8
 .debug_frame   0x00000000      0x124 ./Common/BNO055_I2C/BNO055.o
 .debug_frame   0x00000124       0x58 ./Common/Src/system_stm32h7xx_dualcore_boot_cm4_cm7.o
 .debug_frame   0x0000017c       0x34 ./Core/Src/dma.o
 .debug_frame   0x000001b0       0x34 ./Core/Src/gpio.o
 .debug_frame   0x000001e4       0x78 ./Core/Src/i2c.o
 .debug_frame   0x0000025c       0x90 ./Core/Src/main.o
 .debug_frame   0x000002ec       0x78 ./Core/Src/spi.o
 .debug_frame   0x00000364       0x38 ./Core/Src/stm32h7xx_hal_msp.o
 .debug_frame   0x0000039c      0x190 ./Core/Src/stm32h7xx_it.o
 .debug_frame   0x0000052c       0x7c ./Core/Src/tim.o
 .debug_frame   0x000005a8      0x848 ./Drivers/STM32H7xx_HAL_Driver/stm32h7xx_hal.o
 .debug_frame   0x00000df0      0x508 ./Drivers/STM32H7xx_HAL_Driver/stm32h7xx_hal_cortex.o
 .debug_frame   0x000012f8      0x2b4 ./Drivers/STM32H7xx_HAL_Driver/stm32h7xx_hal_dma.o
 .debug_frame   0x000015ac      0x14c ./Drivers/STM32H7xx_HAL_Driver/stm32h7xx_hal_gpio.o
 .debug_frame   0x000016f8      0x1bc ./Drivers/STM32H7xx_HAL_Driver/stm32h7xx_hal_hsem.o
 .debug_frame   0x000018b4      0xc40 ./Drivers/STM32H7xx_HAL_Driver/stm32h7xx_hal_i2c.o
 .debug_frame   0x000024f4      0x100 ./Drivers/STM32H7xx_HAL_Driver/stm32h7xx_hal_i2c_ex.o
 .debug_frame   0x000025f4      0x5ec ./Drivers/STM32H7xx_HAL_Driver/stm32h7xx_hal_pwr_ex.o
 .debug_frame   0x00002be0      0x1f8 ./Drivers/STM32H7xx_HAL_Driver/stm32h7xx_hal_rcc.o
 .debug_frame   0x00002dd8      0x43c ./Drivers/STM32H7xx_HAL_Driver/stm32h7xx_hal_rcc_ex.o
 .debug_frame   0x00003214      0x7a8 ./Drivers/STM32H7xx_HAL_Driver/stm32h7xx_hal_spi.o
 .debug_frame   0x000039bc     0x121c ./Drivers/STM32H7xx_HAL_Driver/stm32h7xx_hal_tim.o
 .debug_frame   0x00004bd8      0x6d8 ./Drivers/STM32H7xx_HAL_Driver/stm32h7xx_hal_tim_ex.o
 .debug_frame   0x000052b0       0x20 /opt/st/stm32cubeide_1.16.1/plugins/com.st.stm32cube.ide.mcu.externaltools.gnu-tools-for-stm32.12.3.rel1.linux64_1.1.0.202410170702/tools/bin/../lib/gcc/arm-none-eabi/12.3.1/../../../../arm-none-eabi/lib/thumb/v7e-m+fp/hard/libc_nano.a(libc_a-memset.o)
 .debug_frame   0x000052d0       0x2c /opt/st/stm32cubeide_1.16.1/plugins/com.st.stm32cube.ide.mcu.externaltools.gnu-tools-for-stm32.12.3.rel1.linux64_1.1.0.202410170702/tools/bin/../lib/gcc/arm-none-eabi/12.3.1/../../../../arm-none-eabi/lib/thumb/v7e-m+fp/hard/libc_nano.a(libc_a-init.o)
 .debug_frame   0x000052fc       0xac /opt/st/stm32cubeide_1.16.1/plugins/com.st.stm32cube.ide.mcu.externaltools.gnu-tools-for-stm32.12.3.rel1.linux64_1.1.0.202410170702/tools/bin/../lib/gcc/arm-none-eabi/12.3.1/thumb/v7e-m+fp/hard/libgcc.a(_arm_addsubdf3.o)
 .debug_frame   0x000053a8       0x50 /opt/st/stm32cubeide_1.16.1/plugins/com.st.stm32cube.ide.mcu.externaltools.gnu-tools-for-stm32.12.3.rel1.linux64_1.1.0.202410170702/tools/bin/../lib/gcc/arm-none-eabi/12.3.1/thumb/v7e-m+fp/hard/libgcc.a(_arm_muldivdf3.o)

.debug_line_str
                0x00000000       0x76
 .debug_line_str
                0x00000000       0x76 ./Core/Startup/startup_stm32h755zitx.o
